INFO 2026-02-11 14:19:04,111 autoreload 22004 2788 Watching for file changes with StatReloader
INFO 2026-02-11 14:19:44,161 log 22004 25400 "OPTIONS /auth/personal-details/ HTTP/1.1" 200 0
INFO 2026-02-11 14:19:44,162 log 22004 7428 "OPTIONS /auth/personal-details/ HTTP/1.1" 200 0
WARNING 2026-02-11 14:19:44,211 log 22004 7428 "GET /auth/personal-details/ HTTP/1.1" 401 172
WARNING 2026-02-11 14:19:44,216 log 22004 7428 "GET /auth/personal-details/ HTTP/1.1" 401 172
INFO 2026-02-11 16:20:58,767 autoreload 22404 39448 Watching for file changes with StatReloader
INFO 2026-02-11 22:52:03,512 autoreload 8564 16100 Watching for file changes with StatReloader
INFO 2026-02-11 22:52:14,730 log 8564 1256 "GET /admin HTTP/1.1" 301 0
INFO 2026-02-11 22:52:14,765 log 8564 1256 "GET /admin/ HTTP/1.1" 302 0
INFO 2026-02-11 22:52:14,961 log 8564 1256 "GET /admin/login/?next=/admin/ HTTP/1.1" 200 4077
INFO 2026-02-11 22:52:15,196 log 8564 21064 "GET /static/admin/css/dark_mode.css HTTP/1.1" 200 3538
INFO 2026-02-11 22:52:15,197 log 8564 1256 "GET /static/admin/css/base.css HTTP/1.1" 200 23100
INFO 2026-02-11 22:52:15,213 log 8564 21064 "GET /static/admin/css/nav_sidebar.css HTTP/1.1" 200 2810
INFO 2026-02-11 22:52:15,213 log 8564 1256 "GET /static/admin/css/login.css HTTP/1.1" 200 951
INFO 2026-02-11 22:52:15,226 log 8564 21064 "GET /static/admin/css/responsive.css HTTP/1.1" 200 16194
INFO 2026-02-11 22:52:15,237 log 8564 2540 "GET /static/admin/js/theme.js HTTP/1.1" 200 1653
INFO 2026-02-11 22:52:15,268 log 8564 2540 "GET /static/admin/js/nav_sidebar.js HTTP/1.1" 200 3063
WARNING 2026-02-11 22:52:15,569 log 8564 2540 "GET /favicon.ico HTTP/1.1" 404 3209
INFO 2026-02-11 22:52:20,818 log 8564 2540 "POST /admin/login/?next=/admin/ HTTP/1.1" 302 0
INFO 2026-02-11 22:52:20,868 log 8564 2540 "GET /admin/ HTTP/1.1" 200 19545
INFO 2026-02-11 22:52:20,895 log 8564 2540 "GET /static/admin/css/dashboard.css HTTP/1.1" 200 441
INFO 2026-02-11 22:52:20,939 log 8564 21064 "GET /static/admin/img/icon-changelink.svg HTTP/1.1" 200 978
INFO 2026-02-11 22:52:20,939 log 8564 2540 "GET /static/admin/img/icon-addlink.svg HTTP/1.1" 200 593
INFO 2026-02-11 22:52:24,630 log 8564 2540 "GET /admin/authentication/customuser/ HTTP/1.1" 200 21017
INFO 2026-02-11 22:52:24,656 log 8564 2540 "GET /static/admin/css/changelists.css HTTP/1.1" 200 7501
INFO 2026-02-11 22:52:24,663 log 8564 6852 "GET /static/admin/js/jquery.init.js HTTP/1.1" 200 347
INFO 2026-02-11 22:52:24,681 log 8564 9480 "GET /static/admin/js/core.js HTTP/1.1" 200 6208
INFO 2026-02-11 22:52:24,690 log 8564 6852 "GET /static/admin/js/urlify.js HTTP/1.1" 200 7887
INFO 2026-02-11 22:52:24,695 log 8564 19768 "GET /static/admin/js/admin/RelatedObjectLookups.js HTTP/1.1" 200 9777
INFO 2026-02-11 22:52:24,698 log 8564 21064 "GET /admin/jsi18n/ HTTP/1.1" 200 3342
INFO 2026-02-11 22:52:24,698 log 8564 2540 "GET /static/admin/js/actions.js HTTP/1.1" 200 8076
INFO 2026-02-11 22:52:24,705 log 8564 9480 "GET /static/admin/js/prepopulate.js HTTP/1.1" 200 1531
INFO 2026-02-11 22:52:24,714 log 8564 19768 "GET /static/admin/img/search.svg HTTP/1.1" 200 607
INFO 2026-02-11 22:52:24,715 log 8564 2540 "GET /static/admin/img/icon-yes.svg HTTP/1.1" 200 558
INFO 2026-02-11 22:52:24,729 log 8564 19768 "GET /static/admin/img/icon-no.svg HTTP/1.1" 200 645
INFO 2026-02-11 22:52:24,748 log 8564 1256 "GET /static/admin/js/vendor/jquery/jquery.js HTTP/1.1" 200 285314
INFO 2026-02-11 22:52:24,767 log 8564 1256 "GET /static/admin/js/filters.js HTTP/1.1" 200 978
INFO 2026-02-11 22:52:24,803 log 8564 6852 "GET /static/admin/js/vendor/xregexp/xregexp.js HTTP/1.1" 200 325171
INFO 2026-02-11 22:52:24,824 log 8564 6852 "GET /static/admin/img/tooltag-add.svg HTTP/1.1" 200 593
INFO 2026-02-11 22:52:24,827 log 8564 1256 "GET /static/admin/img/sorting-icons.svg HTTP/1.1" 200 1761
INFO 2026-02-11 22:52:26,885 log 8564 20776 "GET /admin/authentication/customuser/2/change/ HTTP/1.1" 200 35575
INFO 2026-02-11 22:52:26,908 log 8564 20776 "GET /static/admin/css/forms.css HTTP/1.1" 200 8844
INFO 2026-02-11 22:52:26,920 log 8564 9828 "GET /static/admin/js/calendar.js HTTP/1.1" 200 9159
INFO 2026-02-11 22:52:26,931 log 8564 9828 "GET /admin/jsi18n/ HTTP/1.1" 200 3342
INFO 2026-02-11 22:52:26,943 log 8564 20776 "GET /static/admin/js/admin/DateTimeShortcuts.js HTTP/1.1" 200 19698
INFO 2026-02-11 22:52:26,954 log 8564 20776 "GET /static/admin/css/widgets.css HTTP/1.1" 200 11811
INFO 2026-02-11 22:52:26,955 log 8564 9828 "GET /static/admin/js/prepopulate_init.js HTTP/1.1" 200 586
INFO 2026-02-11 22:52:26,973 log 8564 20776 "GET /static/admin/js/change_form.js HTTP/1.1" 200 606
INFO 2026-02-11 22:52:27,049 log 8564 20776 "GET /static/admin/img/icon-calendar.svg HTTP/1.1" 200 1112
INFO 2026-02-11 22:52:27,051 log 8564 9828 "GET /static/admin/img/icon-clock.svg HTTP/1.1" 200 805
INFO 2026-02-11 22:52:35,091 log 8564 9828 "GET /admin/authentication/customuser/ HTTP/1.1" 200 21017
INFO 2026-02-11 22:52:35,106 log 8564 9828 "GET /admin/jsi18n/ HTTP/1.1" 200 3342
INFO 2026-02-11 22:52:42,247 log 8564 9828 "POST /admin/authentication/customuser/ HTTP/1.1" 200 18143
INFO 2026-02-11 22:52:42,279 log 8564 9828 "GET /static/admin/js/cancel.js HTTP/1.1" 200 884
INFO 2026-02-11 22:52:43,786 log 8564 9828 "POST /admin/authentication/customuser/ HTTP/1.1" 302 0
INFO 2026-02-11 22:52:43,805 log 8564 9828 "GET /admin/authentication/customuser/ HTTP/1.1" 200 20638
INFO 2026-02-11 22:52:43,820 log 8564 9828 "GET /admin/jsi18n/ HTTP/1.1" 200 3342
INFO 2026-02-11 22:52:43,866 log 8564 9828 "GET /static/admin/img/icon-yes-dark.svg HTTP/1.1" 200 558
INFO 2026-02-11 22:53:52,232 log 8564 38412 "OPTIONS /auth/register/ HTTP/1.1" 200 0
WARNING 2026-02-11 22:53:52,290 views 8564 38412 User registration failed due to invalid data: {'password': [ErrorDetail(string="Password fields didn't match.", code='invalid')]}
WARNING 2026-02-11 22:53:52,292 log 8564 38412 "POST /auth/register/ HTTP/1.1" 400 113
INFO 2026-02-11 22:55:40,333 views 8564 4548 User registered successfully: robinnayak@email.com
INFO 2026-02-11 22:55:40,337 log 8564 4548 "POST /auth/register/ HTTP/1.1" 201 652
INFO 2026-02-11 22:55:44,141 log 8564 9828 "GET /admin/authentication/customuser/ HTTP/1.1" 200 21017
INFO 2026-02-11 22:55:44,166 log 8564 9828 "GET /admin/jsi18n/ HTTP/1.1" 200 3342
INFO 2026-02-12 06:33:15,400 autoreload 6244 7908 Watching for file changes with StatReloader
INFO 2026-02-12 06:58:59,998 log 6244 2796 "OPTIONS /auth/register/ HTTP/1.1" 200 0
INFO 2026-02-12 06:59:00,880 views 6244 2796 User registered successfully: robinspt@email.com
INFO 2026-02-12 06:59:00,882 log 6244 2796 "POST /auth/register/ HTTP/1.1" 201 648
INFO 2026-02-12 06:59:00,886 log 6244 2796 "OPTIONS /auth/login/ HTTP/1.1" 200 0
INFO 2026-02-12 06:59:02,226 log 6244 2796 "POST /auth/login/ HTTP/1.1" 200 589
INFO 2026-02-12 06:59:12,212 log 6244 2796 "OPTIONS /auth/personal-details/ HTTP/1.1" 200 0
WARNING 2026-02-12 06:59:12,226 log 6244 2796 "GET /auth/personal-details/ HTTP/1.1" 404 60
WARNING 2026-02-12 06:59:12,233 log 6244 2796 "GET /auth/personal-details/ HTTP/1.1" 404 60
INFO 2026-02-12 06:59:12,609 log 6244 2796 "OPTIONS /goal/current-situation/ HTTP/1.1" 200 0
WARNING 2026-02-12 06:59:12,624 log 6244 2796 "GET /goal/current-situation/ HTTP/1.1" 404 45
WARNING 2026-02-12 06:59:12,631 log 6244 2796 "GET /goal/current-situation/ HTTP/1.1" 404 45
WARNING 2026-02-12 06:59:22,441 log 6244 2796 "GET /auth/personal-details/ HTTP/1.1" 404 60
WARNING 2026-02-12 06:59:22,452 log 6244 2796 "GET /auth/personal-details/ HTTP/1.1" 404 60
WARNING 2026-02-12 06:59:22,930 log 6244 2796 "GET /goal/current-situation/ HTTP/1.1" 404 45
WARNING 2026-02-12 06:59:22,940 log 6244 2796 "GET /goal/current-situation/ HTTP/1.1" 404 45
WARNING 2026-02-12 06:59:44,139 log 6244 2796 "GET /auth/personal-details/ HTTP/1.1" 404 60
WARNING 2026-02-12 06:59:44,145 log 6244 2796 "GET /auth/personal-details/ HTTP/1.1" 404 60
WARNING 2026-02-12 06:59:44,363 log 6244 2796 "GET /goal/current-situation/ HTTP/1.1" 404 45
WARNING 2026-02-12 06:59:44,367 log 6244 2796 "GET /goal/current-situation/ HTTP/1.1" 404 45
INFO 2026-02-12 06:59:44,841 log 6244 29564 "GET / HTTP/1.1" 200 6028
WARNING 2026-02-12 06:59:45,602 log 6244 29564 "GET /favicon.ico HTTP/1.1" 404 3209
INFO 2026-02-12 06:59:48,917 log 6244 29564 "GET /admin/goal/goal/ HTTP/1.1" 200 17812
INFO 2026-02-12 06:59:48,948 log 6244 29564 "GET /admin/jsi18n/ HTTP/1.1" 200 3342
INFO 2026-02-12 06:59:51,324 log 6244 29564 "GET /admin/authentication/customuser/ HTTP/1.1" 200 21523
INFO 2026-02-12 06:59:51,340 log 6244 29564 "GET /admin/jsi18n/ HTTP/1.1" 200 3342
INFO 2026-02-12 07:00:30,140 log 6244 2796 "OPTIONS /auth/logout/ HTTP/1.1" 200 0
INFO 2026-02-12 07:00:30,146 log 6244 2796 "POST /auth/logout/ HTTP/1.1" 200 68
WARNING 2026-02-12 07:01:02,843 log 6244 2796 "POST /auth/login/ HTTP/1.1" 400 76
ERROR 2026-02-12 07:01:27,794 log 6244 12668 Invalid HTTP_HOST header: '127.0.0.1:8000'. You may need to add '127.0.0.1' to ALLOWED_HOSTS.
Traceback (most recent call last):
  File "D:\Earnings methods\delvery ready projects\roadmap-smart-planner1\roadmap-smart-planner-backend\.venv\Lib\site-packages\django\core\handlers\exception.py", line 55, in inner
    response = get_response(request)
  File "D:\Earnings methods\delvery ready projects\roadmap-smart-planner1\roadmap-smart-planner-backend\.venv\Lib\site-packages\django\utils\deprecation.py", line 308, in __call__
    response = self.process_request(request)
  File "D:\Earnings methods\delvery ready projects\roadmap-smart-planner1\roadmap-smart-planner-backend\.venv\Lib\site-packages\django\middleware\common.py", line 48, in process_request
    host = request.get_host()
  File "D:\Earnings methods\delvery ready projects\roadmap-smart-planner1\roadmap-smart-planner-backend\.venv\Lib\site-packages\django\http\request.py", line 205, in get_host
    raise DisallowedHost(msg)
django.core.exceptions.DisallowedHost: Invalid HTTP_HOST header: '127.0.0.1:8000'. You may need to add '127.0.0.1' to ALLOWED_HOSTS.
WARNING 2026-02-12 07:01:27,798 log 6244 12668 "POST /auth/login/ HTTP/1.1" 400 82626
WARNING 2026-02-12 07:01:45,568 log 6244 9240 "GET /auth/login/ HTTP/1.1" 405 40
INFO 2026-02-12 07:01:51,826 log 6244 9240 "POST /auth/login/ HTTP/1.1" 200 593
INFO 2026-02-12 07:04:44,297 log 6244 2796 "POST /auth/login/ HTTP/1.1" 200 589
WARNING 2026-02-12 07:04:45,092 log 6244 2796 "GET /goal/current-situation/ HTTP/1.1" 404 45
WARNING 2026-02-12 07:04:45,102 log 6244 2796 "GET /goal/current-situation/ HTTP/1.1" 404 45
INFO 2026-02-12 07:06:03,994 log 6244 2796 "POST /auth/logout/ HTTP/1.1" 200 68
INFO 2026-02-12 07:07:34,074 log 6244 2796 "POST /auth/login/ HTTP/1.1" 200 589
WARNING 2026-02-12 07:07:34,800 log 6244 2796 "GET /goal/current-situation/ HTTP/1.1" 404 45
WARNING 2026-02-12 07:07:34,810 log 6244 2796 "GET /goal/current-situation/ HTTP/1.1" 404 45
INFO 2026-02-12 07:07:41,654 log 6244 2796 "POST /auth/logout/ HTTP/1.1" 200 68
ERROR 2026-02-12 07:09:52,771 log 6244 4308 Invalid HTTP_HOST header: '127.0.0.1:8000'. You may need to add '127.0.0.1' to ALLOWED_HOSTS.
Traceback (most recent call last):
  File "D:\Earnings methods\delvery ready projects\roadmap-smart-planner1\roadmap-smart-planner-backend\.venv\Lib\site-packages\django\core\handlers\exception.py", line 55, in inner
    response = get_response(request)
  File "D:\Earnings methods\delvery ready projects\roadmap-smart-planner1\roadmap-smart-planner-backend\.venv\Lib\site-packages\django\utils\deprecation.py", line 308, in __call__
    response = self.process_request(request)
  File "D:\Earnings methods\delvery ready projects\roadmap-smart-planner1\roadmap-smart-planner-backend\.venv\Lib\site-packages\django\middleware\common.py", line 48, in process_request
    host = request.get_host()
  File "D:\Earnings methods\delvery ready projects\roadmap-smart-planner1\roadmap-smart-planner-backend\.venv\Lib\site-packages\django\http\request.py", line 205, in get_host
    raise DisallowedHost(msg)
django.core.exceptions.DisallowedHost: Invalid HTTP_HOST header: '127.0.0.1:8000'. You may need to add '127.0.0.1' to ALLOWED_HOSTS.
WARNING 2026-02-12 07:09:52,774 log 6244 4308 "POST /auth/logout/ HTTP/1.1" 400 82787
WARNING 2026-02-12 07:10:04,014 log 6244 6216 "GET /auth/logout/ HTTP/1.1" 401 172
WARNING 2026-02-12 07:10:29,680 log 6244 6216 "GET /auth/logout/ HTTP/1.1" 405 40
WARNING 2026-02-12 07:10:35,644 log 6244 6216 "POST /auth/logout/ HTTP/1.1" 400 36
INFO 2026-02-12 07:10:54,548 log 6244 6216 "POST /auth/logout/ HTTP/1.1" 200 68
INFO 2026-02-12 07:11:54,613 log 6244 2796 "POST /auth/login/ HTTP/1.1" 200 589
WARNING 2026-02-12 07:11:55,283 log 6244 2796 "GET /goal/current-situation/ HTTP/1.1" 404 45
WARNING 2026-02-12 07:11:55,296 log 6244 2796 "GET /goal/current-situation/ HTTP/1.1" 404 45
INFO 2026-02-12 07:12:11,173 log 6244 2796 "POST /auth/logout/ HTTP/1.1" 200 68
INFO 2026-02-12 07:13:28,612 log 6244 2796 "POST /auth/login/ HTTP/1.1" 200 589
WARNING 2026-02-12 07:13:29,341 log 6244 2796 "GET /goal/current-situation/ HTTP/1.1" 404 45
WARNING 2026-02-12 07:13:29,350 log 6244 2796 "GET /goal/current-situation/ HTTP/1.1" 404 45
INFO 2026-02-12 07:13:34,804 log 6244 2796 "POST /auth/logout/ HTTP/1.1" 200 68
INFO 2026-02-12 07:16:41,380 log 6244 2796 "POST /auth/login/ HTTP/1.1" 200 589
WARNING 2026-02-12 07:16:41,891 log 6244 2796 "GET /goal/current-situation/ HTTP/1.1" 404 45
WARNING 2026-02-12 07:16:41,904 log 6244 2796 "GET /goal/current-situation/ HTTP/1.1" 404 45
INFO 2026-02-12 07:16:46,631 log 6244 2796 "POST /auth/logout/ HTTP/1.1" 200 68
INFO 2026-02-12 07:55:25,091 autoreload 13852 13860 Watching for file changes with StatReloader
INFO 2026-02-12 07:56:32,922 log 13852 1816 "GET /auth/register/ HTTP/1.1" 200 233
INFO 2026-02-12 07:56:49,370 log 13852 12296 "GET / HTTP/1.1" 200 6028
INFO 2026-02-12 07:56:51,448 log 13852 12296 "GET /admin/ HTTP/1.1" 200 19894
INFO 2026-02-12 07:56:51,816 log 13852 12296 "GET /static/admin/img/icon-deletelink.svg HTTP/1.1" 200 689
WARNING 2026-02-12 07:56:52,146 log 13852 12296 "GET /favicon.ico HTTP/1.1" 404 3209
INFO 2026-02-12 07:56:53,916 log 13852 12296 "GET /admin/authentication/customuser/ HTTP/1.1" 200 21523
INFO 2026-02-12 07:56:53,952 log 13852 12296 "GET /admin/jsi18n/ HTTP/1.1" 200 3342
INFO 2026-02-12 07:56:55,765 log 13852 12296 "GET /admin/authentication/customuser/3/change/ HTTP/1.1" 200 35575
INFO 2026-02-12 07:56:55,785 log 13852 12296 "GET /admin/jsi18n/ HTTP/1.1" 200 3342
INFO 2026-02-12 07:56:59,558 log 13852 12296 "GET /admin/authentication/customuser/3/delete/ HTTP/1.1" 200 18039
INFO 2026-02-12 07:56:59,571 log 13852 12296 "GET /static/admin/js/cancel.js HTTP/1.1" 200 884
INFO 2026-02-12 07:57:01,327 log 13852 12296 "POST /admin/authentication/customuser/3/delete/ HTTP/1.1" 302 0
INFO 2026-02-12 07:57:01,339 log 13852 12296 "GET /admin/authentication/customuser/ HTTP/1.1" 200 21178
INFO 2026-02-12 07:57:01,360 log 13852 12296 "GET /admin/jsi18n/ HTTP/1.1" 200 3342
INFO 2026-02-12 07:57:01,420 log 13852 12296 "GET /static/admin/img/icon-yes-dark.svg HTTP/1.1" 200 558
INFO 2026-02-12 07:57:36,326 autoreload 13852 13860 D:\Earnings methods\delvery ready projects\roadmap-smart-planner1\roadmap-smart-planner-backend\roadmap\authentication\views.py changed, reloading.
INFO 2026-02-12 07:57:38,032 autoreload 6804 6744 Watching for file changes with StatReloader
INFO 2026-02-12 07:58:01,966 autoreload 6804 6744 D:\Earnings methods\delvery ready projects\roadmap-smart-planner1\roadmap-smart-planner-backend\roadmap\authentication\views.py changed, reloading.
INFO 2026-02-12 07:58:03,456 autoreload 16688 16620 Watching for file changes with StatReloader
INFO 2026-02-12 07:59:25,499 autoreload 16688 16620 D:\Earnings methods\delvery ready projects\roadmap-smart-planner1\roadmap-smart-planner-backend\roadmap\authentication\views.py changed, reloading.
INFO 2026-02-12 07:59:27,033 autoreload 30848 30852 Watching for file changes with StatReloader
INFO 2026-02-12 07:59:36,183 views 30848 11668 User registered successfully: robinnayak@email.com
INFO 2026-02-12 07:59:36,189 log 30848 11668 "POST /auth/register/ HTTP/1.1" 201 717
INFO 2026-02-12 08:00:00,745 autoreload 30848 30852 D:\Earnings methods\delvery ready projects\roadmap-smart-planner1\roadmap-smart-planner-backend\roadmap\authentication\views.py changed, reloading.
INFO 2026-02-12 08:00:02,627 autoreload 38192 13588 Watching for file changes with StatReloader
INFO 2026-02-12 08:00:04,995 autoreload 38192 13588 D:\Earnings methods\delvery ready projects\roadmap-smart-planner1\roadmap-smart-planner-backend\roadmap\authentication\views.py changed, reloading.
INFO 2026-02-12 08:00:06,490 autoreload 26560 3268 Watching for file changes with StatReloader
INFO 2026-02-12 08:00:47,623 autoreload 26560 3268 D:\Earnings methods\delvery ready projects\roadmap-smart-planner1\roadmap-smart-planner-backend\roadmap\authentication\views.py changed, reloading.
INFO 2026-02-12 08:00:49,346 autoreload 6828 6924 Watching for file changes with StatReloader
WARNING 2026-02-12 08:01:01,483 views 6828 5100 User registration failed due to invalid data: {'email': [ErrorDetail(string='User with this email already exists.', code='unique')]}
WARNING 2026-02-12 08:01:01,488 log 6828 5100 "POST /auth/register/ HTTP/1.1" 400 137
INFO 2026-02-12 08:01:55,690 autoreload 6828 6924 D:\Earnings methods\delvery ready projects\roadmap-smart-planner1\roadmap-smart-planner-backend\roadmap\authentication\views.py changed, reloading.
INFO 2026-02-12 08:01:57,204 autoreload 3796 17624 Watching for file changes with StatReloader
WARNING 2026-02-12 08:01:58,082 views 3796 38196 User registration failed due to invalid data: {'email': [ErrorDetail(string='User with this email already exists.', code='unique')]}
WARNING 2026-02-12 08:01:58,085 log 3796 38196 "POST /auth/register/ HTTP/1.1" 400 137
WARNING 2026-02-12 08:02:04,291 views 3796 38196 User registration failed due to invalid data: {'email': [ErrorDetail(string='User with this email already exists.', code='unique')]}
WARNING 2026-02-12 08:02:04,292 log 3796 38196 "POST /auth/register/ HTTP/1.1" 400 137
WARNING 2026-02-12 08:02:05,551 views 3796 38196 User registration failed due to invalid data: {'email': [ErrorDetail(string='User with this email already exists.', code='unique')]}
WARNING 2026-02-12 08:02:05,554 log 3796 38196 "POST /auth/register/ HTTP/1.1" 400 137
INFO 2026-02-12 08:02:11,635 log 3796 38196 "GET /auth/register/ HTTP/1.1" 200 233
WARNING 2026-02-12 08:02:16,109 views 3796 38196 User registration failed due to invalid data: {'email': [ErrorDetail(string='User with this email already exists.', code='unique')]}
WARNING 2026-02-12 08:02:16,110 log 3796 38196 "POST /auth/register/ HTTP/1.1" 400 137
INFO 2026-02-12 08:06:11,872 autoreload 3796 17624 D:\Earnings methods\delvery ready projects\roadmap-smart-planner1\roadmap-smart-planner-backend\roadmap\authentication\serializers.py changed, reloading.
INFO 2026-02-12 08:06:13,347 autoreload 14708 3612 Watching for file changes with StatReloader
INFO 2026-02-12 08:08:54,008 autoreload 14708 3612 D:\Earnings methods\delvery ready projects\roadmap-smart-planner1\roadmap-smart-planner-backend\roadmap\authentication\serializers.py changed, reloading.
INFO 2026-02-12 08:08:55,543 autoreload 30012 26860 Watching for file changes with StatReloader
INFO 2026-02-12 08:10:36,827 autoreload 30012 26860 D:\Earnings methods\delvery ready projects\roadmap-smart-planner1\roadmap-smart-planner-backend\roadmap\authentication\serializers.py changed, reloading.
INFO 2026-02-12 08:10:39,234 autoreload 9240 9208 Watching for file changes with StatReloader
WARNING 2026-02-12 08:10:46,632 views 9240 10584 User registration failed due to invalid data: {'email': [ErrorDetail(string='User with this email already exists.', code='unique')]}
WARNING 2026-02-12 08:10:46,637 log 9240 10584 "POST /auth/register/ HTTP/1.1" 400 137
INFO 2026-02-12 08:11:00,034 log 9240 12396 "GET /admin/authentication/customuser/ HTTP/1.1" 200 21523
INFO 2026-02-12 08:11:00,067 log 9240 12396 "GET /admin/jsi18n/ HTTP/1.1" 200 3342
INFO 2026-02-12 08:11:07,656 log 9240 12396 "POST /admin/authentication/customuser/ HTTP/1.1" 200 18143
INFO 2026-02-12 08:11:09,022 log 9240 12396 "POST /admin/authentication/customuser/ HTTP/1.1" 302 0
INFO 2026-02-12 08:11:09,041 log 9240 12396 "GET /admin/authentication/customuser/ HTTP/1.1" 200 21145
INFO 2026-02-12 08:11:09,064 log 9240 12396 "GET /admin/jsi18n/ HTTP/1.1" 200 3342
INFO 2026-02-12 08:11:15,393 log 9240 12396 "GET /admin/authentication/customuser/ HTTP/1.1" 200 21011
INFO 2026-02-12 08:11:15,710 log 9240 38612 "GET /static/admin/js/theme.js HTTP/1.1" 200 1653
INFO 2026-02-12 08:11:15,711 log 9240 12484 "GET /static/admin/css/dark_mode.css HTTP/1.1" 200 3538
INFO 2026-02-12 08:11:15,712 log 9240 12396 "GET /static/admin/css/base.css HTTP/1.1" 200 23100
INFO 2026-02-12 08:11:15,719 log 9240 5192 "GET /static/admin/css/changelists.css HTTP/1.1" 200 7501
INFO 2026-02-12 08:11:15,723 log 9240 12396 "GET /static/admin/js/jquery.init.js HTTP/1.1" 200 347
INFO 2026-02-12 08:11:15,725 log 9240 9404 "GET /static/admin/css/responsive.css HTTP/1.1" 200 16194
INFO 2026-02-12 08:11:15,728 log 9240 38612 "GET /admin/jsi18n/ HTTP/1.1" 200 3342
INFO 2026-02-12 08:11:15,732 log 9240 13240 "GET /static/admin/css/nav_sidebar.css HTTP/1.1" 200 2810
INFO 2026-02-12 08:11:15,735 log 9240 12484 "GET /static/admin/js/vendor/jquery/jquery.js HTTP/1.1" 200 285314
INFO 2026-02-12 08:11:15,740 log 9240 5192 "GET /static/admin/js/core.js HTTP/1.1" 200 6208
INFO 2026-02-12 08:11:15,740 log 9240 12396 "GET /static/admin/js/admin/RelatedObjectLookups.js HTTP/1.1" 200 9777
INFO 2026-02-12 08:11:15,747 log 9240 9404 "GET /static/admin/js/actions.js HTTP/1.1" 200 8076
INFO 2026-02-12 08:11:15,747 log 9240 13240 "GET /static/admin/js/prepopulate.js HTTP/1.1" 200 1531
INFO 2026-02-12 08:11:15,750 log 9240 38612 "GET /static/admin/js/urlify.js HTTP/1.1" 200 7887
INFO 2026-02-12 08:11:15,759 log 9240 12484 "GET /static/admin/js/vendor/xregexp/xregexp.js HTTP/1.1" 200 325171
INFO 2026-02-12 08:11:15,771 log 9240 13240 "GET /static/admin/js/filters.js HTTP/1.1" 200 978
INFO 2026-02-12 08:11:15,772 log 9240 5192 "GET /static/admin/img/search.svg HTTP/1.1" 200 607
INFO 2026-02-12 08:11:15,773 log 9240 38612 "GET /static/admin/js/nav_sidebar.js HTTP/1.1" 200 3063
INFO 2026-02-12 08:11:15,777 log 9240 12396 "GET /static/admin/img/icon-yes.svg HTTP/1.1" 200 558
INFO 2026-02-12 08:11:15,783 log 9240 12484 "GET /static/admin/img/icon-no.svg HTTP/1.1" 200 645
INFO 2026-02-12 08:11:15,794 log 9240 9404 "GET /static/admin/img/icon-addlink.svg HTTP/1.1" 200 593
INFO 2026-02-12 08:11:15,799 log 9240 13240 "GET /static/admin/img/tooltag-add.svg HTTP/1.1" 200 593
INFO 2026-02-12 08:11:15,803 log 9240 5192 "GET /static/admin/img/sorting-icons.svg HTTP/1.1" 200 1761
WARNING 2026-02-12 08:11:15,901 log 9240 5192 "GET /favicon.ico HTTP/1.1" 404 3209
ERROR 2026-02-12 08:11:17,849 views 9240 10584 Registration failed: Got a `TypeError` when calling `CustomUser.objects.create()`. This may be because you have a writable field on the serializer class that is not a valid argument to `CustomUser.objects.create()`. You may need to make the field read-only, or override the UserRegisterSerializer.create() method to handle this correctly.
Original exception was:
 Traceback (most recent call last):
  File "D:\Earnings methods\delvery ready projects\roadmap-smart-planner1\roadmap-smart-planner-backend\.venv\Lib\site-packages\rest_framework\serializers.py", line 991, in create
    instance = ModelClass._default_manager.create(**validated_data)
  File "D:\Earnings methods\delvery ready projects\roadmap-smart-planner1\roadmap-smart-planner-backend\.venv\Lib\site-packages\django\db\models\manager.py", line 87, in manager_method
    return getattr(self.get_queryset(), name)(*args, **kwargs)
           ~~~~~~~~~~~~~~~~~~~~~~~~~~~~~~~~~~^^^^^^^^^^^^^^^^^
  File "D:\Earnings methods\delvery ready projects\roadmap-smart-planner1\roadmap-smart-planner-backend\.venv\Lib\site-packages\django\db\models\query.py", line 667, in create
    obj = self.model(**kwargs)
  File "D:\Earnings methods\delvery ready projects\roadmap-smart-planner1\roadmap-smart-planner-backend\.venv\Lib\site-packages\django\db\models\base.py", line 590, in __init__
    raise TypeError(
    ...<2 lines>...
    )
TypeError: CustomUser() got unexpected keyword arguments: 'password2'
Traceback (most recent call last):
  File "D:\Earnings methods\delvery ready projects\roadmap-smart-planner1\roadmap-smart-planner-backend\.venv\Lib\site-packages\rest_framework\serializers.py", line 991, in create
    instance = ModelClass._default_manager.create(**validated_data)
  File "D:\Earnings methods\delvery ready projects\roadmap-smart-planner1\roadmap-smart-planner-backend\.venv\Lib\site-packages\django\db\models\manager.py", line 87, in manager_method
    return getattr(self.get_queryset(), name)(*args, **kwargs)
           ~~~~~~~~~~~~~~~~~~~~~~~~~~~~~~~~~~^^^^^^^^^^^^^^^^^
  File "D:\Earnings methods\delvery ready projects\roadmap-smart-planner1\roadmap-smart-planner-backend\.venv\Lib\site-packages\django\db\models\query.py", line 667, in create
    obj = self.model(**kwargs)
  File "D:\Earnings methods\delvery ready projects\roadmap-smart-planner1\roadmap-smart-planner-backend\.venv\Lib\site-packages\django\db\models\base.py", line 590, in __init__
    raise TypeError(
    ...<2 lines>...
    )
TypeError: CustomUser() got unexpected keyword arguments: 'password2'

During handling of the above exception, another exception occurred:

Traceback (most recent call last):
  File "D:\Earnings methods\delvery ready projects\roadmap-smart-planner1\roadmap-smart-planner-backend\roadmap\authentication\views.py", line 128, in post
    user = serializer.save()
  File "D:\Earnings methods\delvery ready projects\roadmap-smart-planner1\roadmap-smart-planner-backend\.venv\Lib\site-packages\rest_framework\serializers.py", line 210, in save
    self.instance = self.create(validated_data)
                    ~~~~~~~~~~~^^^^^^^^^^^^^^^^
  File "D:\Earnings methods\delvery ready projects\roadmap-smart-planner1\roadmap-smart-planner-backend\.venv\Lib\site-packages\rest_framework\serializers.py", line 1010, in create
    raise TypeError(msg)
TypeError: Got a `TypeError` when calling `CustomUser.objects.create()`. This may be because you have a writable field on the serializer class that is not a valid argument to `CustomUser.objects.create()`. You may need to make the field read-only, or override the UserRegisterSerializer.create() method to handle this correctly.
Original exception was:
 Traceback (most recent call last):
  File "D:\Earnings methods\delvery ready projects\roadmap-smart-planner1\roadmap-smart-planner-backend\.venv\Lib\site-packages\rest_framework\serializers.py", line 991, in create
    instance = ModelClass._default_manager.create(**validated_data)
  File "D:\Earnings methods\delvery ready projects\roadmap-smart-planner1\roadmap-smart-planner-backend\.venv\Lib\site-packages\django\db\models\manager.py", line 87, in manager_method
    return getattr(self.get_queryset(), name)(*args, **kwargs)
           ~~~~~~~~~~~~~~~~~~~~~~~~~~~~~~~~~~^^^^^^^^^^^^^^^^^
  File "D:\Earnings methods\delvery ready projects\roadmap-smart-planner1\roadmap-smart-planner-backend\.venv\Lib\site-packages\django\db\models\query.py", line 667, in create
    obj = self.model(**kwargs)
  File "D:\Earnings methods\delvery ready projects\roadmap-smart-planner1\roadmap-smart-planner-backend\.venv\Lib\site-packages\django\db\models\base.py", line 590, in __init__
    raise TypeError(
    ...<2 lines>...
    )
TypeError: CustomUser() got unexpected keyword arguments: 'password2'

ERROR 2026-02-12 08:11:17,856 log 9240 10584 "POST /auth/register/ HTTP/1.1" 500 120
INFO 2026-02-12 08:12:55,883 autoreload 9240 9208 D:\Earnings methods\delvery ready projects\roadmap-smart-planner1\roadmap-smart-planner-backend\roadmap\authentication\serializers.py changed, reloading.
INFO 2026-02-12 08:12:57,756 autoreload 18340 26704 Watching for file changes with StatReloader
ERROR 2026-02-12 08:13:01,189 views 18340 5868 Registration failed: Got a `TypeError` when calling `CustomUser.objects.create()`. This may be because you have a writable field on the serializer class that is not a valid argument to `CustomUser.objects.create()`. You may need to make the field read-only, or override the UserRegisterSerializer.create() method to handle this correctly.
Original exception was:
 Traceback (most recent call last):
  File "D:\Earnings methods\delvery ready projects\roadmap-smart-planner1\roadmap-smart-planner-backend\.venv\Lib\site-packages\rest_framework\serializers.py", line 991, in create
    instance = ModelClass._default_manager.create(**validated_data)
  File "D:\Earnings methods\delvery ready projects\roadmap-smart-planner1\roadmap-smart-planner-backend\.venv\Lib\site-packages\django\db\models\manager.py", line 87, in manager_method
    return getattr(self.get_queryset(), name)(*args, **kwargs)
           ~~~~~~~~~~~~~~~~~~~~~~~~~~~~~~~~~~^^^^^^^^^^^^^^^^^
  File "D:\Earnings methods\delvery ready projects\roadmap-smart-planner1\roadmap-smart-planner-backend\.venv\Lib\site-packages\django\db\models\query.py", line 667, in create
    obj = self.model(**kwargs)
  File "D:\Earnings methods\delvery ready projects\roadmap-smart-planner1\roadmap-smart-planner-backend\.venv\Lib\site-packages\django\db\models\base.py", line 590, in __init__
    raise TypeError(
    ...<2 lines>...
    )
TypeError: CustomUser() got unexpected keyword arguments: 'password2'
Traceback (most recent call last):
  File "D:\Earnings methods\delvery ready projects\roadmap-smart-planner1\roadmap-smart-planner-backend\.venv\Lib\site-packages\rest_framework\serializers.py", line 991, in create
    instance = ModelClass._default_manager.create(**validated_data)
  File "D:\Earnings methods\delvery ready projects\roadmap-smart-planner1\roadmap-smart-planner-backend\.venv\Lib\site-packages\django\db\models\manager.py", line 87, in manager_method
    return getattr(self.get_queryset(), name)(*args, **kwargs)
           ~~~~~~~~~~~~~~~~~~~~~~~~~~~~~~~~~~^^^^^^^^^^^^^^^^^
  File "D:\Earnings methods\delvery ready projects\roadmap-smart-planner1\roadmap-smart-planner-backend\.venv\Lib\site-packages\django\db\models\query.py", line 667, in create
    obj = self.model(**kwargs)
  File "D:\Earnings methods\delvery ready projects\roadmap-smart-planner1\roadmap-smart-planner-backend\.venv\Lib\site-packages\django\db\models\base.py", line 590, in __init__
    raise TypeError(
    ...<2 lines>...
    )
TypeError: CustomUser() got unexpected keyword arguments: 'password2'

During handling of the above exception, another exception occurred:

Traceback (most recent call last):
  File "D:\Earnings methods\delvery ready projects\roadmap-smart-planner1\roadmap-smart-planner-backend\roadmap\authentication\views.py", line 128, in post
    user = serializer.save()
  File "D:\Earnings methods\delvery ready projects\roadmap-smart-planner1\roadmap-smart-planner-backend\.venv\Lib\site-packages\rest_framework\serializers.py", line 210, in save
    self.instance = self.create(validated_data)
                    ~~~~~~~~~~~^^^^^^^^^^^^^^^^
  File "D:\Earnings methods\delvery ready projects\roadmap-smart-planner1\roadmap-smart-planner-backend\.venv\Lib\site-packages\rest_framework\serializers.py", line 1010, in create
    raise TypeError(msg)
TypeError: Got a `TypeError` when calling `CustomUser.objects.create()`. This may be because you have a writable field on the serializer class that is not a valid argument to `CustomUser.objects.create()`. You may need to make the field read-only, or override the UserRegisterSerializer.create() method to handle this correctly.
Original exception was:
 Traceback (most recent call last):
  File "D:\Earnings methods\delvery ready projects\roadmap-smart-planner1\roadmap-smart-planner-backend\.venv\Lib\site-packages\rest_framework\serializers.py", line 991, in create
    instance = ModelClass._default_manager.create(**validated_data)
  File "D:\Earnings methods\delvery ready projects\roadmap-smart-planner1\roadmap-smart-planner-backend\.venv\Lib\site-packages\django\db\models\manager.py", line 87, in manager_method
    return getattr(self.get_queryset(), name)(*args, **kwargs)
           ~~~~~~~~~~~~~~~~~~~~~~~~~~~~~~~~~~^^^^^^^^^^^^^^^^^
  File "D:\Earnings methods\delvery ready projects\roadmap-smart-planner1\roadmap-smart-planner-backend\.venv\Lib\site-packages\django\db\models\query.py", line 667, in create
    obj = self.model(**kwargs)
  File "D:\Earnings methods\delvery ready projects\roadmap-smart-planner1\roadmap-smart-planner-backend\.venv\Lib\site-packages\django\db\models\base.py", line 590, in __init__
    raise TypeError(
    ...<2 lines>...
    )
TypeError: CustomUser() got unexpected keyword arguments: 'password2'

ERROR 2026-02-12 08:13:01,197 log 18340 5868 "POST /auth/register/ HTTP/1.1" 500 120
INFO 2026-02-12 08:13:33,752 autoreload 18340 26704 D:\Earnings methods\delvery ready projects\roadmap-smart-planner1\roadmap-smart-planner-backend\roadmap\authentication\serializers.py changed, reloading.
INFO 2026-02-12 08:13:36,081 autoreload 10020 38796 Watching for file changes with StatReloader
ERROR 2026-02-12 08:13:38,010 views 10020 4712 Registration failed: Got a `TypeError` when calling `CustomUser.objects.create()`. This may be because you have a writable field on the serializer class that is not a valid argument to `CustomUser.objects.create()`. You may need to make the field read-only, or override the UserRegisterSerializer.create() method to handle this correctly.
Original exception was:
 Traceback (most recent call last):
  File "D:\Earnings methods\delvery ready projects\roadmap-smart-planner1\roadmap-smart-planner-backend\.venv\Lib\site-packages\rest_framework\serializers.py", line 991, in create
    instance = ModelClass._default_manager.create(**validated_data)
  File "D:\Earnings methods\delvery ready projects\roadmap-smart-planner1\roadmap-smart-planner-backend\.venv\Lib\site-packages\django\db\models\manager.py", line 87, in manager_method
    return getattr(self.get_queryset(), name)(*args, **kwargs)
           ~~~~~~~~~~~~~~~~~~~~~~~~~~~~~~~~~~^^^^^^^^^^^^^^^^^
  File "D:\Earnings methods\delvery ready projects\roadmap-smart-planner1\roadmap-smart-planner-backend\.venv\Lib\site-packages\django\db\models\query.py", line 667, in create
    obj = self.model(**kwargs)
  File "D:\Earnings methods\delvery ready projects\roadmap-smart-planner1\roadmap-smart-planner-backend\.venv\Lib\site-packages\django\db\models\base.py", line 590, in __init__
    raise TypeError(
    ...<2 lines>...
    )
TypeError: CustomUser() got unexpected keyword arguments: 'password2'
Traceback (most recent call last):
  File "D:\Earnings methods\delvery ready projects\roadmap-smart-planner1\roadmap-smart-planner-backend\.venv\Lib\site-packages\rest_framework\serializers.py", line 991, in create
    instance = ModelClass._default_manager.create(**validated_data)
  File "D:\Earnings methods\delvery ready projects\roadmap-smart-planner1\roadmap-smart-planner-backend\.venv\Lib\site-packages\django\db\models\manager.py", line 87, in manager_method
    return getattr(self.get_queryset(), name)(*args, **kwargs)
           ~~~~~~~~~~~~~~~~~~~~~~~~~~~~~~~~~~^^^^^^^^^^^^^^^^^
  File "D:\Earnings methods\delvery ready projects\roadmap-smart-planner1\roadmap-smart-planner-backend\.venv\Lib\site-packages\django\db\models\query.py", line 667, in create
    obj = self.model(**kwargs)
  File "D:\Earnings methods\delvery ready projects\roadmap-smart-planner1\roadmap-smart-planner-backend\.venv\Lib\site-packages\django\db\models\base.py", line 590, in __init__
    raise TypeError(
    ...<2 lines>...
    )
TypeError: CustomUser() got unexpected keyword arguments: 'password2'

During handling of the above exception, another exception occurred:

Traceback (most recent call last):
  File "D:\Earnings methods\delvery ready projects\roadmap-smart-planner1\roadmap-smart-planner-backend\roadmap\authentication\views.py", line 128, in post
    user = serializer.save()
  File "D:\Earnings methods\delvery ready projects\roadmap-smart-planner1\roadmap-smart-planner-backend\.venv\Lib\site-packages\rest_framework\serializers.py", line 210, in save
    self.instance = self.create(validated_data)
                    ~~~~~~~~~~~^^^^^^^^^^^^^^^^
  File "D:\Earnings methods\delvery ready projects\roadmap-smart-planner1\roadmap-smart-planner-backend\.venv\Lib\site-packages\rest_framework\serializers.py", line 1010, in create
    raise TypeError(msg)
TypeError: Got a `TypeError` when calling `CustomUser.objects.create()`. This may be because you have a writable field on the serializer class that is not a valid argument to `CustomUser.objects.create()`. You may need to make the field read-only, or override the UserRegisterSerializer.create() method to handle this correctly.
Original exception was:
 Traceback (most recent call last):
  File "D:\Earnings methods\delvery ready projects\roadmap-smart-planner1\roadmap-smart-planner-backend\.venv\Lib\site-packages\rest_framework\serializers.py", line 991, in create
    instance = ModelClass._default_manager.create(**validated_data)
  File "D:\Earnings methods\delvery ready projects\roadmap-smart-planner1\roadmap-smart-planner-backend\.venv\Lib\site-packages\django\db\models\manager.py", line 87, in manager_method
    return getattr(self.get_queryset(), name)(*args, **kwargs)
           ~~~~~~~~~~~~~~~~~~~~~~~~~~~~~~~~~~^^^^^^^^^^^^^^^^^
  File "D:\Earnings methods\delvery ready projects\roadmap-smart-planner1\roadmap-smart-planner-backend\.venv\Lib\site-packages\django\db\models\query.py", line 667, in create
    obj = self.model(**kwargs)
  File "D:\Earnings methods\delvery ready projects\roadmap-smart-planner1\roadmap-smart-planner-backend\.venv\Lib\site-packages\django\db\models\base.py", line 590, in __init__
    raise TypeError(
    ...<2 lines>...
    )
TypeError: CustomUser() got unexpected keyword arguments: 'password2'

ERROR 2026-02-12 08:13:38,015 log 10020 4712 "POST /auth/register/ HTTP/1.1" 500 120
INFO 2026-02-12 08:15:04,262 autoreload 10020 38796 D:\Earnings methods\delvery ready projects\roadmap-smart-planner1\roadmap-smart-planner-backend\roadmap\authentication\serializers.py changed, reloading.
INFO 2026-02-12 08:15:06,548 autoreload 9028 16424 Watching for file changes with StatReloader
INFO 2026-02-12 08:15:08,878 log 9028 3048 "GET /auth/register/ HTTP/1.1" 200 233
INFO 2026-02-12 08:15:14,605 views 9028 3048 User registered successfully: robinnayak@email.com
INFO 2026-02-12 08:15:14,612 log 9028 3048 "POST /auth/register/ HTTP/1.1" 201 676
WARNING 2026-02-12 08:15:19,835 views 9028 3048 User registration failed due to invalid data: {'email': [ErrorDetail(string='User with this email already exists.', code='unique')]}
WARNING 2026-02-12 08:15:19,836 log 9028 3048 "POST /auth/register/ HTTP/1.1" 400 137
INFO 2026-02-12 08:16:01,490 autoreload 9028 16424 D:\Earnings methods\delvery ready projects\roadmap-smart-planner1\roadmap-smart-planner-backend\roadmap\authentication\serializers.py changed, reloading.
INFO 2026-02-12 08:16:04,278 autoreload 15484 3956 Watching for file changes with StatReloader
INFO 2026-02-12 08:16:06,847 autoreload 15484 3956 D:\Earnings methods\delvery ready projects\roadmap-smart-planner1\roadmap-smart-planner-backend\roadmap\authentication\serializers.py changed, reloading.
INFO 2026-02-12 08:16:09,699 autoreload 4420 2260 Watching for file changes with StatReloader
INFO 2026-02-13 07:34:36,395 views 14888 7504 User registered successfully: testuser@example.com
WARNING 2026-02-13 07:34:36,398 views 14888 7504 User registration failed due to invalid data: {'email': [ErrorDetail(string='User with this email already exists.', code='unique')]}
WARNING 2026-02-13 07:34:36,402 views 14888 7504 User registration failed due to invalid data: {'email': [ErrorDetail(string='User with this email already exists.', code='unique')]}
WARNING 2026-02-13 07:34:36,404 views 14888 7504 User registration failed due to invalid data: {'email': [ErrorDetail(string='User with this email already exists.', code='unique')]}
WARNING 2026-02-13 07:34:36,405 views 14888 7504 User registration failed due to invalid data: {'email': [ErrorDetail(string='User with this email already exists.', code='unique')]}
INFO 2026-02-13 07:34:36,800 views 14888 7504 User registered successfully: testuser@example.com
INFO 2026-02-13 07:35:19,222 views 11832 23824 User registered successfully: testuser@example.com
WARNING 2026-02-13 07:35:49,918 views 8848 39464 User registration failed due to invalid data: {'email': [ErrorDetail(string='This field is required.', code='required')]}
WARNING 2026-02-13 07:35:49,942 views 8848 39464 User registration failed due to invalid data: {'password': [ErrorDetail(string='This field is required.', code='required')]}
WARNING 2026-02-13 07:35:49,945 views 8848 39464 User registration failed due to invalid data: {'password2': [ErrorDetail(string='This field is required.', code='required')]}
WARNING 2026-02-13 07:35:49,947 views 8848 39464 User registration failed due to invalid data: {'email': [ErrorDetail(string='This field is required.', code='required')], 'password': [ErrorDetail(string='This field is required.', code='required')], 'password2': [ErrorDetail(string='This field is required.', code='required')]}
WARNING 2026-02-13 07:35:49,948 views 8848 39464 User registration failed due to invalid data: {'email': [ErrorDetail(string='This field may not be null.', code='null')]}
INFO 2026-02-13 07:35:50,434 views 8848 39464 User registered successfully: testuser@example.com
WARNING 2026-02-13 07:36:52,499 views 11920 11908 User registration failed due to invalid data: {'email': [ErrorDetail(string='This field is required.', code='required')]}
WARNING 2026-02-13 07:36:52,531 views 11920 11908 User registration failed due to invalid data: {'password': [ErrorDetail(string='This field is required.', code='required')]}
WARNING 2026-02-13 07:36:52,534 views 11920 11908 User registration failed due to invalid data: {'password2': [ErrorDetail(string='This field is required.', code='required')]}
WARNING 2026-02-13 07:36:52,536 views 11920 11908 User registration failed due to invalid data: {'email': [ErrorDetail(string='This field is required.', code='required')], 'password': [ErrorDetail(string='This field is required.', code='required')], 'password2': [ErrorDetail(string='This field is required.', code='required')]}
WARNING 2026-02-13 07:36:52,538 views 11920 11908 User registration failed due to invalid data: {'email': [ErrorDetail(string='This field may not be null.', code='null')]}
INFO 2026-02-13 07:36:52,978 views 11920 11908 User registered successfully: testuser@example.com
WARNING 2026-02-13 07:40:19,331 views 11404 17112 User registration failed due to invalid data: {'email': [ErrorDetail(string='This field is required.', code='required')]}
WARNING 2026-02-13 07:40:19,355 views 11404 17112 User registration failed due to invalid data: {'password': [ErrorDetail(string='This field is required.', code='required')]}
WARNING 2026-02-13 07:40:19,358 views 11404 17112 User registration failed due to invalid data: {'password2': [ErrorDetail(string='This field is required.', code='required')]}
WARNING 2026-02-13 07:40:19,359 views 11404 17112 User registration failed due to invalid data: {'email': [ErrorDetail(string='This field is required.', code='required')], 'password': [ErrorDetail(string='This field is required.', code='required')], 'password2': [ErrorDetail(string='This field is required.', code='required')]}
WARNING 2026-02-13 07:40:19,361 views 11404 17112 User registration failed due to invalid data: {'email': [ErrorDetail(string='This field may not be null.', code='null')]}
INFO 2026-02-13 07:40:19,856 views 11404 17112 User registered successfully: testuser@example.com
WARNING 2026-02-13 07:43:35,776 views 9996 6708 User registration failed due to invalid data: {'email': [ErrorDetail(string='This field is required.', code='required')]}
WARNING 2026-02-13 07:43:35,802 views 9996 6708 User registration failed due to invalid data: {'password': [ErrorDetail(string='This field is required.', code='required')]}
WARNING 2026-02-13 07:43:35,805 views 9996 6708 User registration failed due to invalid data: {'password2': [ErrorDetail(string='This field is required.', code='required')]}
WARNING 2026-02-13 07:43:35,807 views 9996 6708 User registration failed due to invalid data: {'email': [ErrorDetail(string='This field is required.', code='required')], 'password': [ErrorDetail(string='This field is required.', code='required')], 'password2': [ErrorDetail(string='This field is required.', code='required')]}
WARNING 2026-02-13 07:43:35,809 views 9996 6708 User registration failed due to invalid data: {'email': [ErrorDetail(string='This field may not be null.', code='null')]}
INFO 2026-02-13 07:43:36,258 views 9996 6708 User registered successfully: testuser@example.com
WARNING 2026-02-13 07:49:21,222 views 15576 25788 User registration failed due to invalid data: {'email': [ErrorDetail(string='This field is required.', code='required')]}
WARNING 2026-02-13 07:49:21,248 views 15576 25788 User registration failed due to invalid data: {'password': [ErrorDetail(string='This field is required.', code='required')]}
WARNING 2026-02-13 07:49:21,250 views 15576 25788 User registration failed due to invalid data: {'password2': [ErrorDetail(string='This field is required.', code='required')]}
WARNING 2026-02-13 07:49:21,251 views 15576 25788 User registration failed due to invalid data: {'email': [ErrorDetail(string='This field is required.', code='required')], 'password': [ErrorDetail(string='This field is required.', code='required')], 'password2': [ErrorDetail(string='This field is required.', code='required')]}
WARNING 2026-02-13 07:49:21,252 views 15576 25788 User registration failed due to invalid data: {'email': [ErrorDetail(string='This field may not be null.', code='null')]}
WARNING 2026-02-13 07:49:21,254 views 15576 25788 User registration failed due to invalid data: {'password': [ErrorDetail(string="The two password fields didn't match.", code='password_mismatch')]}
INFO 2026-02-13 07:49:21,684 views 15576 25788 User registered successfully: testuser@example.com
WARNING 2026-02-13 07:50:06,853 views 10120 6424 User registration failed due to invalid data: {'email': [ErrorDetail(string='This field is required.', code='required')]}
WARNING 2026-02-13 07:50:06,879 views 10120 6424 User registration failed due to invalid data: {'password': [ErrorDetail(string='This field is required.', code='required')]}
WARNING 2026-02-13 07:50:06,882 views 10120 6424 User registration failed due to invalid data: {'password2': [ErrorDetail(string='This field is required.', code='required')]}
WARNING 2026-02-13 07:50:06,884 views 10120 6424 User registration failed due to invalid data: {'email': [ErrorDetail(string='This field is required.', code='required')], 'password': [ErrorDetail(string='This field is required.', code='required')], 'password2': [ErrorDetail(string='This field is required.', code='required')]}
WARNING 2026-02-13 07:50:06,885 views 10120 6424 User registration failed due to invalid data: {'email': [ErrorDetail(string='This field may not be null.', code='null')]}
WARNING 2026-02-13 07:50:06,887 views 10120 6424 User registration failed due to invalid data: {'password': [ErrorDetail(string="The two password fields didn't match.", code='password_mismatch')]}
INFO 2026-02-13 07:50:07,362 views 10120 6424 User registered successfully: testuser@example.com
WARNING 2026-02-13 07:50:16,628 views 13864 13836 User registration failed due to invalid data: {'email': [ErrorDetail(string='This field is required.', code='required')]}
WARNING 2026-02-13 07:50:16,657 views 13864 13836 User registration failed due to invalid data: {'password': [ErrorDetail(string='This field is required.', code='required')]}
WARNING 2026-02-13 07:50:16,659 views 13864 13836 User registration failed due to invalid data: {'password2': [ErrorDetail(string='This field is required.', code='required')]}
WARNING 2026-02-13 07:50:16,660 views 13864 13836 User registration failed due to invalid data: {'email': [ErrorDetail(string='This field is required.', code='required')], 'password': [ErrorDetail(string='This field is required.', code='required')], 'password2': [ErrorDetail(string='This field is required.', code='required')]}
WARNING 2026-02-13 07:50:16,662 views 13864 13836 User registration failed due to invalid data: {'email': [ErrorDetail(string='This field may not be null.', code='null')]}
WARNING 2026-02-13 07:50:16,665 views 13864 13836 User registration failed due to invalid data: {'password': [ErrorDetail(string="The two password fields didn't match.", code='password_mismatch')]}
INFO 2026-02-13 07:50:17,143 views 13864 13836 User registered successfully: testuser@example.com
WARNING 2026-02-13 07:52:55,085 views 29824 28100 User registration failed due to invalid data: {'email': [ErrorDetail(string='This field is required.', code='required')]}
WARNING 2026-02-13 07:52:55,112 views 29824 28100 User registration failed due to invalid data: {'password': [ErrorDetail(string='This field is required.', code='required')]}
WARNING 2026-02-13 07:52:55,115 views 29824 28100 User registration failed due to invalid data: {'password2': [ErrorDetail(string='This field is required.', code='required')]}
WARNING 2026-02-13 07:52:55,116 views 29824 28100 User registration failed due to invalid data: {'email': [ErrorDetail(string='This field is required.', code='required')], 'password': [ErrorDetail(string='This field is required.', code='required')], 'password2': [ErrorDetail(string='This field is required.', code='required')]}
WARNING 2026-02-13 07:52:55,117 views 29824 28100 User registration failed due to invalid data: {'email': [ErrorDetail(string='This field may not be null.', code='null')]}
WARNING 2026-02-13 07:52:55,119 views 29824 28100 User registration failed due to invalid data: {'password': [ErrorDetail(string="The two password fields didn't match.", code='password_mismatch')]}
WARNING 2026-02-13 07:52:55,122 views 29824 28100 User registration failed due to invalid data: {'password': [ErrorDetail(string='This password is too short. It must contain at least 8 characters.', code='password_too_short')]}
WARNING 2026-02-13 07:52:55,124 views 29824 28100 User registration failed due to invalid data: {'password': [ErrorDetail(string='This password is too common.', code='password_too_common'), ErrorDetail(string='This password is entirely numeric.', code='password_entirely_numeric')]}
WARNING 2026-02-13 07:52:55,127 views 29824 28100 User registration failed due to invalid data: {'password': [ErrorDetail(string='This password is too common.', code='password_too_common')]}
WARNING 2026-02-13 07:52:55,128 views 29824 28100 User registration failed due to invalid data: {'password': [ErrorDetail(string='This password is too common.', code='password_too_common')]}
WARNING 2026-02-13 07:52:55,131 views 29824 28100 User registration failed due to invalid data: {'password': [ErrorDetail(string='This password is too common.', code='password_too_common')]}
INFO 2026-02-13 07:52:55,603 views 29824 28100 User registered successfully: test@example.com
INFO 2026-02-13 07:52:56,092 views 29824 28100 User registered successfully: testuser@example.com
WARNING 2026-02-13 07:53:29,917 views 7652 16720 User registration failed due to invalid data: {'email': [ErrorDetail(string='This field is required.', code='required')]}
WARNING 2026-02-13 07:53:29,940 views 7652 16720 User registration failed due to invalid data: {'password': [ErrorDetail(string='This field is required.', code='required')]}
WARNING 2026-02-13 07:53:29,942 views 7652 16720 User registration failed due to invalid data: {'password2': [ErrorDetail(string='This field is required.', code='required')]}
WARNING 2026-02-13 07:53:29,944 views 7652 16720 User registration failed due to invalid data: {'email': [ErrorDetail(string='This field is required.', code='required')], 'password': [ErrorDetail(string='This field is required.', code='required')], 'password2': [ErrorDetail(string='This field is required.', code='required')]}
WARNING 2026-02-13 07:53:29,945 views 7652 16720 User registration failed due to invalid data: {'email': [ErrorDetail(string='This field may not be null.', code='null')]}
WARNING 2026-02-13 07:53:29,947 views 7652 16720 User registration failed due to invalid data: {'password': [ErrorDetail(string="The two password fields didn't match.", code='password_mismatch')]}
WARNING 2026-02-13 07:53:29,949 views 7652 16720 User registration failed due to invalid data: {'password': [ErrorDetail(string='This password is too short. It must contain at least 8 characters.', code='password_too_short')]}
WARNING 2026-02-13 07:53:29,951 views 7652 16720 User registration failed due to invalid data: {'password': [ErrorDetail(string='This password is too common.', code='password_too_common'), ErrorDetail(string='This password is entirely numeric.', code='password_entirely_numeric')]}
WARNING 2026-02-13 07:53:29,952 views 7652 16720 User registration failed due to invalid data: {'password': [ErrorDetail(string='This password is too common.', code='password_too_common')]}
WARNING 2026-02-13 07:53:29,954 views 7652 16720 User registration failed due to invalid data: {'password': [ErrorDetail(string='This password is too common.', code='password_too_common')]}
WARNING 2026-02-13 07:53:29,956 views 7652 16720 User registration failed due to invalid data: {'password': [ErrorDetail(string='This password is too common.', code='password_too_common')]}
INFO 2026-02-13 07:53:30,416 views 7652 16720 User registered successfully: test@example.com
INFO 2026-02-13 07:53:30,852 views 7652 16720 User registered successfully: testuser@example.com
WARNING 2026-02-13 07:54:10,245 views 9924 37168 User registration failed due to invalid data: {'email': [ErrorDetail(string='This field is required.', code='required')]}
WARNING 2026-02-13 07:54:10,274 views 9924 37168 User registration failed due to invalid data: {'password': [ErrorDetail(string='This field is required.', code='required')]}
WARNING 2026-02-13 07:54:10,277 views 9924 37168 User registration failed due to invalid data: {'password2': [ErrorDetail(string='This field is required.', code='required')]}
WARNING 2026-02-13 07:54:10,279 views 9924 37168 User registration failed due to invalid data: {'email': [ErrorDetail(string='This field is required.', code='required')], 'password': [ErrorDetail(string='This field is required.', code='required')], 'password2': [ErrorDetail(string='This field is required.', code='required')]}
WARNING 2026-02-13 07:54:10,280 views 9924 37168 User registration failed due to invalid data: {'email': [ErrorDetail(string='This field may not be null.', code='null')]}
WARNING 2026-02-13 07:54:10,283 views 9924 37168 User registration failed due to invalid data: {'password': [ErrorDetail(string="The two password fields didn't match.", code='password_mismatch')]}
WARNING 2026-02-13 07:54:10,286 views 9924 37168 User registration failed due to invalid data: {'password': [ErrorDetail(string='This password is too short. It must contain at least 8 characters.', code='password_too_short')]}
WARNING 2026-02-13 07:54:10,288 views 9924 37168 User registration failed due to invalid data: {'password': [ErrorDetail(string='This password is too common.', code='password_too_common'), ErrorDetail(string='This password is entirely numeric.', code='password_entirely_numeric')]}
WARNING 2026-02-13 07:54:10,290 views 9924 37168 User registration failed due to invalid data: {'password': [ErrorDetail(string='This password is too common.', code='password_too_common')]}
WARNING 2026-02-13 07:54:10,292 views 9924 37168 User registration failed due to invalid data: {'password': [ErrorDetail(string='This password is too common.', code='password_too_common')]}
WARNING 2026-02-13 07:54:10,296 views 9924 37168 User registration failed due to invalid data: {'password': [ErrorDetail(string='This password is too common.', code='password_too_common')]}
INFO 2026-02-13 07:54:10,810 views 9924 37168 User registered successfully: test@example.com
INFO 2026-02-13 07:54:11,292 views 9924 37168 User registered successfully: testuser@example.com
WARNING 2026-02-13 07:54:15,366 views 19704 29336 User registration failed due to invalid data: {'email': [ErrorDetail(string='This field is required.', code='required')]}
WARNING 2026-02-13 07:54:15,391 views 19704 29336 User registration failed due to invalid data: {'password': [ErrorDetail(string='This field is required.', code='required')]}
WARNING 2026-02-13 07:54:15,394 views 19704 29336 User registration failed due to invalid data: {'password2': [ErrorDetail(string='This field is required.', code='required')]}
WARNING 2026-02-13 07:54:15,396 views 19704 29336 User registration failed due to invalid data: {'email': [ErrorDetail(string='This field is required.', code='required')], 'password': [ErrorDetail(string='This field is required.', code='required')], 'password2': [ErrorDetail(string='This field is required.', code='required')]}
WARNING 2026-02-13 07:54:15,397 views 19704 29336 User registration failed due to invalid data: {'email': [ErrorDetail(string='This field may not be null.', code='null')]}
WARNING 2026-02-13 07:54:15,400 views 19704 29336 User registration failed due to invalid data: {'password': [ErrorDetail(string="The two password fields didn't match.", code='password_mismatch')]}
WARNING 2026-02-13 07:54:15,403 views 19704 29336 User registration failed due to invalid data: {'password': [ErrorDetail(string='This password is too short. It must contain at least 8 characters.', code='password_too_short')]}
WARNING 2026-02-13 07:54:15,405 views 19704 29336 User registration failed due to invalid data: {'password': [ErrorDetail(string='This password is too common.', code='password_too_common'), ErrorDetail(string='This password is entirely numeric.', code='password_entirely_numeric')]}
WARNING 2026-02-13 07:54:15,407 views 19704 29336 User registration failed due to invalid data: {'password': [ErrorDetail(string='This password is too common.', code='password_too_common')]}
WARNING 2026-02-13 07:54:15,410 views 19704 29336 User registration failed due to invalid data: {'password': [ErrorDetail(string='This password is too common.', code='password_too_common')]}
WARNING 2026-02-13 07:54:15,414 views 19704 29336 User registration failed due to invalid data: {'password': [ErrorDetail(string='This password is too common.', code='password_too_common')]}
INFO 2026-02-13 07:54:15,890 views 19704 29336 User registered successfully: test@example.com
INFO 2026-02-13 07:54:16,406 views 19704 29336 User registered successfully: testuser@example.com
WARNING 2026-02-13 07:58:00,389 views 32920 10380 User registration failed due to invalid data: {'email': [ErrorDetail(string='A user with this email already exists.', code='email_taken')]}
WARNING 2026-02-13 07:58:00,394 views 32920 10380 User registration failed due to invalid data: {'email': [ErrorDetail(string='This field is required.', code='required')]}
WARNING 2026-02-13 07:58:00,396 views 32920 10380 User registration failed due to invalid data: {'password': [ErrorDetail(string='This field is required.', code='required')]}
WARNING 2026-02-13 07:58:00,398 views 32920 10380 User registration failed due to invalid data: {'password2': [ErrorDetail(string='This field is required.', code='required')]}
WARNING 2026-02-13 07:58:00,399 views 32920 10380 User registration failed due to invalid data: {'email': [ErrorDetail(string='This field is required.', code='required')], 'password': [ErrorDetail(string='This field is required.', code='required')], 'password2': [ErrorDetail(string='This field is required.', code='required')]}
WARNING 2026-02-13 07:58:00,401 views 32920 10380 User registration failed due to invalid data: {'email': [ErrorDetail(string='This field may not be null.', code='null')]}
WARNING 2026-02-13 07:58:00,404 views 32920 10380 User registration failed due to invalid data: {'password': [ErrorDetail(string="The two password fields didn't match.", code='password_mismatch')]}
INFO 2026-02-13 07:58:00,909 views 32920 10380 User registered successfully: testuser@example.com
WARNING 2026-02-13 07:58:33,356 views 12268 14852 User registration failed due to invalid data: {'email': [ErrorDetail(string='A user with this email already exists.', code='email_taken')]}
WARNING 2026-02-13 07:58:33,360 views 12268 14852 User registration failed due to invalid data: {'email': [ErrorDetail(string='This field is required.', code='required')]}
WARNING 2026-02-13 07:58:33,362 views 12268 14852 User registration failed due to invalid data: {'password': [ErrorDetail(string='This field is required.', code='required')]}
WARNING 2026-02-13 07:58:33,364 views 12268 14852 User registration failed due to invalid data: {'password2': [ErrorDetail(string='This field is required.', code='required')]}
WARNING 2026-02-13 07:58:33,364 views 12268 14852 User registration failed due to invalid data: {'email': [ErrorDetail(string='This field is required.', code='required')], 'password': [ErrorDetail(string='This field is required.', code='required')], 'password2': [ErrorDetail(string='This field is required.', code='required')]}
WARNING 2026-02-13 07:58:33,366 views 12268 14852 User registration failed due to invalid data: {'email': [ErrorDetail(string='This field may not be null.', code='null')]}
WARNING 2026-02-13 07:58:33,368 views 12268 14852 User registration failed due to invalid data: {'password': [ErrorDetail(string="The two password fields didn't match.", code='password_mismatch')]}
INFO 2026-02-13 07:58:33,850 views 12268 14852 User registered successfully: testuser@example.com
WARNING 2026-02-13 07:59:12,665 views 3992 5052 User registration failed due to invalid data: {'email': [ErrorDetail(string='User with this email already exists.', code='unique')]}
WARNING 2026-02-13 07:59:12,670 views 3992 5052 User registration failed due to invalid data: {'email': [ErrorDetail(string='This field is required.', code='required')]}
WARNING 2026-02-13 07:59:12,672 views 3992 5052 User registration failed due to invalid data: {'password': [ErrorDetail(string='This field is required.', code='required')]}
WARNING 2026-02-13 07:59:12,673 views 3992 5052 User registration failed due to invalid data: {'password2': [ErrorDetail(string='This field is required.', code='required')]}
WARNING 2026-02-13 07:59:12,674 views 3992 5052 User registration failed due to invalid data: {'email': [ErrorDetail(string='This field is required.', code='required')], 'password': [ErrorDetail(string='This field is required.', code='required')], 'password2': [ErrorDetail(string='This field is required.', code='required')]}
WARNING 2026-02-13 07:59:12,675 views 3992 5052 User registration failed due to invalid data: {'email': [ErrorDetail(string='This field may not be null.', code='null')]}
WARNING 2026-02-13 07:59:12,677 views 3992 5052 User registration failed due to invalid data: {'password': [ErrorDetail(string="The two password fields didn't match.", code='password_mismatch')]}
INFO 2026-02-13 07:59:13,149 views 3992 5052 User registered successfully: testuser@example.com
WARNING 2026-02-13 07:59:23,447 views 2840 37148 User registration failed due to invalid data: {'email': [ErrorDetail(string='User with this email already exists.', code='unique')]}
WARNING 2026-02-13 07:59:23,451 views 2840 37148 User registration failed due to invalid data: {'email': [ErrorDetail(string='This field is required.', code='required')]}
WARNING 2026-02-13 07:59:23,454 views 2840 37148 User registration failed due to invalid data: {'password': [ErrorDetail(string='This field is required.', code='required')]}
WARNING 2026-02-13 07:59:23,456 views 2840 37148 User registration failed due to invalid data: {'password2': [ErrorDetail(string='This field is required.', code='required')]}
WARNING 2026-02-13 07:59:23,457 views 2840 37148 User registration failed due to invalid data: {'email': [ErrorDetail(string='This field is required.', code='required')], 'password': [ErrorDetail(string='This field is required.', code='required')], 'password2': [ErrorDetail(string='This field is required.', code='required')]}
WARNING 2026-02-13 07:59:23,458 views 2840 37148 User registration failed due to invalid data: {'email': [ErrorDetail(string='This field may not be null.', code='null')]}
WARNING 2026-02-13 07:59:23,461 views 2840 37148 User registration failed due to invalid data: {'password': [ErrorDetail(string="The two password fields didn't match.", code='password_mismatch')]}
INFO 2026-02-13 07:59:25,045 views 2840 37148 User registered successfully: testuser@example.com
WARNING 2026-02-13 07:59:50,020 views 12536 15716 User registration failed due to invalid data: {'email': [ErrorDetail(string='A user with this email already exists.', code='email_taken')]}
WARNING 2026-02-13 07:59:50,024 views 12536 15716 User registration failed due to invalid data: {'email': [ErrorDetail(string='This field is required.', code='required')]}
WARNING 2026-02-13 07:59:50,027 views 12536 15716 User registration failed due to invalid data: {'password': [ErrorDetail(string='This field is required.', code='required')]}
WARNING 2026-02-13 07:59:50,028 views 12536 15716 User registration failed due to invalid data: {'password2': [ErrorDetail(string='This field is required.', code='required')]}
WARNING 2026-02-13 07:59:50,030 views 12536 15716 User registration failed due to invalid data: {'email': [ErrorDetail(string='This field is required.', code='required')], 'password': [ErrorDetail(string='This field is required.', code='required')], 'password2': [ErrorDetail(string='This field is required.', code='required')]}
WARNING 2026-02-13 07:59:50,031 views 12536 15716 User registration failed due to invalid data: {'email': [ErrorDetail(string='This field may not be null.', code='null')]}
WARNING 2026-02-13 07:59:50,034 views 12536 15716 User registration failed due to invalid data: {'password': [ErrorDetail(string="The two password fields didn't match.", code='password_mismatch')]}
INFO 2026-02-13 07:59:50,509 views 12536 15716 User registered successfully: testuser@example.com
INFO 2026-02-13 08:00:41,947 views 9040 27448 User registered successfully: test0@example.com
INFO 2026-02-13 08:00:42,404 views 9040 27448 User registered successfully: test1@example.com
INFO 2026-02-13 08:00:42,846 views 9040 27448 User registered successfully: test2@example.com
INFO 2026-02-13 08:00:43,292 views 9040 27448 User registered successfully: test3@example.com
INFO 2026-02-13 08:00:43,740 views 9040 27448 User registered successfully: test4@example.com
INFO 2026-02-13 08:00:44,191 views 9040 27448 User registered successfully: test5@example.com
INFO 2026-02-13 08:00:44,646 views 9040 27448 User registered successfully: test6@example.com
INFO 2026-02-13 08:00:45,147 views 9040 27448 User registered successfully: test7@example.com
INFO 2026-02-13 08:00:45,603 views 9040 27448 User registered successfully: test8@example.com
INFO 2026-02-13 08:00:46,066 views 9040 27448 User registered successfully: test9@example.com
WARNING 2026-02-13 08:00:46,520 views 9040 27448 User registration failed due to invalid data: {'email': [ErrorDetail(string='A user with this email already exists.', code='email_taken')]}
WARNING 2026-02-13 08:00:46,523 views 9040 27448 User registration failed due to invalid data: {'email': [ErrorDetail(string='This field is required.', code='required')]}
WARNING 2026-02-13 08:00:46,526 views 9040 27448 User registration failed due to invalid data: {'password': [ErrorDetail(string='This field is required.', code='required')]}
WARNING 2026-02-13 08:00:46,528 views 9040 27448 User registration failed due to invalid data: {'password2': [ErrorDetail(string='This field is required.', code='required')]}
WARNING 2026-02-13 08:00:46,531 views 9040 27448 User registration failed due to invalid data: {'email': [ErrorDetail(string='This field is required.', code='required')], 'password': [ErrorDetail(string='This field is required.', code='required')], 'password2': [ErrorDetail(string='This field is required.', code='required')]}
WARNING 2026-02-13 08:00:46,532 views 9040 27448 User registration failed due to invalid data: {'email': [ErrorDetail(string='This field may not be null.', code='null')]}
WARNING 2026-02-13 08:00:46,534 views 9040 27448 User registration failed due to invalid data: {'password': [ErrorDetail(string="The two password fields didn't match.", code='password_mismatch')]}
INFO 2026-02-13 08:00:47,002 views 9040 27448 User registered successfully: testuser@example.com
INFO 2026-02-13 08:01:11,624 views 8012 5568 User registered successfully: test0@example.com
INFO 2026-02-13 08:01:12,077 views 8012 5568 User registered successfully: test1@example.com
WARNING 2026-02-13 08:01:12,532 views 8012 5568 User registration failed due to invalid data: {'email': [ErrorDetail(string='A user with this email already exists.', code='email_taken')]}
WARNING 2026-02-13 08:01:12,535 views 8012 5568 User registration failed due to invalid data: {'email': [ErrorDetail(string='This field is required.', code='required')]}
WARNING 2026-02-13 08:01:12,537 views 8012 5568 User registration failed due to invalid data: {'password': [ErrorDetail(string='This field is required.', code='required')]}
WARNING 2026-02-13 08:01:12,539 views 8012 5568 User registration failed due to invalid data: {'password2': [ErrorDetail(string='This field is required.', code='required')]}
WARNING 2026-02-13 08:01:12,540 views 8012 5568 User registration failed due to invalid data: {'email': [ErrorDetail(string='This field is required.', code='required')], 'password': [ErrorDetail(string='This field is required.', code='required')], 'password2': [ErrorDetail(string='This field is required.', code='required')]}
WARNING 2026-02-13 08:01:12,541 views 8012 5568 User registration failed due to invalid data: {'email': [ErrorDetail(string='This field may not be null.', code='null')]}
WARNING 2026-02-13 08:01:12,544 views 8012 5568 User registration failed due to invalid data: {'password': [ErrorDetail(string="The two password fields didn't match.", code='password_mismatch')]}
INFO 2026-02-13 08:01:12,993 views 8012 5568 User registered successfully: testuser@example.com
INFO 2026-02-13 08:01:23,778 views 27644 7900 User registered successfully: test0@example.com
INFO 2026-02-13 08:01:24,211 views 27644 7900 User registered successfully: test1@example.com
INFO 2026-02-13 08:01:24,641 views 27644 7900 User registered successfully: test2@example.com
INFO 2026-02-13 08:01:25,065 views 27644 7900 User registered successfully: test3@example.com
INFO 2026-02-13 08:01:25,501 views 27644 7900 User registered successfully: test4@example.com
INFO 2026-02-13 08:01:25,948 views 27644 7900 User registered successfully: test5@example.com
INFO 2026-02-13 08:01:26,386 views 27644 7900 User registered successfully: test6@example.com
INFO 2026-02-13 08:01:26,832 views 27644 7900 User registered successfully: test7@example.com
INFO 2026-02-13 08:01:27,274 views 27644 7900 User registered successfully: test8@example.com
INFO 2026-02-13 08:01:27,705 views 27644 7900 User registered successfully: test9@example.com
INFO 2026-02-13 08:01:28,128 views 27644 7900 User registered successfully: test10@example.com
INFO 2026-02-13 08:01:28,544 views 27644 7900 User registered successfully: test11@example.com
INFO 2026-02-13 08:01:28,965 views 27644 7900 User registered successfully: test12@example.com
INFO 2026-02-13 08:01:29,400 views 27644 7900 User registered successfully: test13@example.com
INFO 2026-02-13 08:01:29,834 views 27644 7900 User registered successfully: test14@example.com
INFO 2026-02-13 08:01:30,246 views 27644 7900 User registered successfully: test15@example.com
INFO 2026-02-13 08:01:30,688 views 27644 7900 User registered successfully: test16@example.com
INFO 2026-02-13 08:01:31,131 views 27644 7900 User registered successfully: test17@example.com
INFO 2026-02-13 08:01:31,570 views 27644 7900 User registered successfully: test18@example.com
INFO 2026-02-13 08:01:31,991 views 27644 7900 User registered successfully: test19@example.com
WARNING 2026-02-13 08:01:32,432 views 27644 7900 User registration failed due to invalid data: {'email': [ErrorDetail(string='A user with this email already exists.', code='email_taken')]}
WARNING 2026-02-13 08:01:32,434 views 27644 7900 User registration failed due to invalid data: {'email': [ErrorDetail(string='This field is required.', code='required')]}
WARNING 2026-02-13 08:01:32,436 views 27644 7900 User registration failed due to invalid data: {'password': [ErrorDetail(string='This field is required.', code='required')]}
WARNING 2026-02-13 08:01:32,443 views 27644 7900 User registration failed due to invalid data: {'password2': [ErrorDetail(string='This field is required.', code='required')]}
WARNING 2026-02-13 08:01:32,444 views 27644 7900 User registration failed due to invalid data: {'email': [ErrorDetail(string='This field is required.', code='required')], 'password': [ErrorDetail(string='This field is required.', code='required')], 'password2': [ErrorDetail(string='This field is required.', code='required')]}
WARNING 2026-02-13 08:01:32,445 views 27644 7900 User registration failed due to invalid data: {'email': [ErrorDetail(string='This field may not be null.', code='null')]}
WARNING 2026-02-13 08:01:32,447 views 27644 7900 User registration failed due to invalid data: {'password': [ErrorDetail(string="The two password fields didn't match.", code='password_mismatch')]}
INFO 2026-02-13 08:01:32,900 views 27644 7900 User registered successfully: testuser@example.com
INFO 2026-02-13 08:04:26,918 views 13880 16052 User registered successfully: test0@example.com
INFO 2026-02-13 08:04:27,357 views 13880 16052 User registered successfully: test1@example.com
INFO 2026-02-13 08:04:27,805 views 13880 16052 User registered successfully: test2@example.com
INFO 2026-02-13 08:04:28,321 views 13880 16052 User registered successfully: test3@example.com
INFO 2026-02-13 08:04:28,753 views 13880 16052 User registered successfully: test4@example.com
INFO 2026-02-13 08:04:29,222 views 13880 16052 User registered successfully: test5@example.com
INFO 2026-02-13 08:04:29,713 views 13880 16052 User registered successfully: test6@example.com
INFO 2026-02-13 08:04:30,230 views 13880 16052 User registered successfully: test7@example.com
INFO 2026-02-13 08:04:30,721 views 13880 16052 User registered successfully: test8@example.com
INFO 2026-02-13 08:04:31,187 views 13880 16052 User registered successfully: test9@example.com
INFO 2026-02-13 08:04:31,628 views 13880 16052 User registered successfully: test10@example.com
INFO 2026-02-13 08:04:32,050 views 13880 16052 User registered successfully: test11@example.com
INFO 2026-02-13 08:04:32,463 views 13880 16052 User registered successfully: test12@example.com
INFO 2026-02-13 08:04:32,880 views 13880 16052 User registered successfully: test13@example.com
INFO 2026-02-13 08:04:33,291 views 13880 16052 User registered successfully: test14@example.com
INFO 2026-02-13 08:04:33,697 views 13880 16052 User registered successfully: test15@example.com
INFO 2026-02-13 08:04:34,118 views 13880 16052 User registered successfully: test16@example.com
INFO 2026-02-13 08:04:34,552 views 13880 16052 User registered successfully: test17@example.com
INFO 2026-02-13 08:04:34,977 views 13880 16052 User registered successfully: test18@example.com
INFO 2026-02-13 08:04:35,400 views 13880 16052 User registered successfully: test19@example.com
WARNING 2026-02-13 08:04:35,835 views 13880 16052 User registration failed due to invalid data: {'email': [ErrorDetail(string='A user with this email already exists.', code='email_taken')]}
WARNING 2026-02-13 08:04:35,839 views 13880 16052 User registration failed due to invalid data: {'email': [ErrorDetail(string='This field is required.', code='required')]}
WARNING 2026-02-13 08:04:35,841 views 13880 16052 User registration failed due to invalid data: {'password': [ErrorDetail(string='This field is required.', code='required')]}
WARNING 2026-02-13 08:04:35,844 views 13880 16052 User registration failed due to invalid data: {'password2': [ErrorDetail(string='This field is required.', code='required')]}
WARNING 2026-02-13 08:04:35,846 views 13880 16052 User registration failed due to invalid data: {'email': [ErrorDetail(string='This field is required.', code='required')], 'password': [ErrorDetail(string='This field is required.', code='required')], 'password2': [ErrorDetail(string='This field is required.', code='required')]}
WARNING 2026-02-13 08:04:35,848 views 13880 16052 User registration failed due to invalid data: {'email': [ErrorDetail(string='This field may not be null.', code='null')]}
WARNING 2026-02-13 08:04:35,850 views 13880 16052 User registration failed due to invalid data: {'password': [ErrorDetail(string="The two password fields didn't match.", code='password_mismatch')]}
INFO 2026-02-13 08:04:36,283 views 13880 16052 User registered successfully: testuser@example.com
INFO 2026-02-13 08:05:06,703 autoreload 37256 12768 Watching for file changes with StatReloader
INFO 2026-02-13 08:54:05,985 autoreload 1960 2944 Watching for file changes with StatReloader
INFO 2026-02-13 08:55:14,703 log 1960 11688 "GET / HTTP/1.1" 200 6028
INFO 2026-02-13 08:55:17,143 log 1960 6380 "GET /admin/ HTTP/1.1" 200 20526
WARNING 2026-02-13 08:55:17,892 log 1960 6380 "GET /favicon.ico HTTP/1.1" 404 3209
INFO 2026-02-13 08:55:18,809 log 1960 6380 "GET /admin/authentication/customuser/ HTTP/1.1" 200 21523
INFO 2026-02-13 08:55:18,843 log 1960 6380 "GET /admin/jsi18n/ HTTP/1.1" 200 3342
INFO 2026-02-13 08:55:29,079 log 1960 14820 "POST /admin/authentication/customuser/ HTTP/1.1" 200 18638
INFO 2026-02-13 08:55:30,192 log 1960 14820 "POST /admin/authentication/customuser/ HTTP/1.1" 302 0
INFO 2026-02-13 08:55:30,213 log 1960 14820 "GET /admin/authentication/customuser/ HTTP/1.1" 200 20639
INFO 2026-02-13 08:55:30,233 log 1960 14820 "GET /admin/jsi18n/ HTTP/1.1" 200 3342
INFO 2026-02-13 08:55:34,737 log 1960 14820 "GET /admin/authentication/userpersonaldetails/ HTTP/1.1" 200 17984
INFO 2026-02-13 08:55:34,754 log 1960 14820 "GET /admin/jsi18n/ HTTP/1.1" 200 3342
INFO 2026-02-13 08:55:36,664 log 1960 13076 "GET /admin/authentication/notificationsettings/ HTTP/1.1" 200 19440
INFO 2026-02-13 08:55:36,685 log 1960 13076 "GET /admin/jsi18n/ HTTP/1.1" 200 3342
INFO 2026-02-13 08:55:38,218 log 1960 13076 "GET /admin/authentication/profile/ HTTP/1.1" 200 19255
INFO 2026-02-13 08:55:38,238 log 1960 13076 "GET /admin/jsi18n/ HTTP/1.1" 200 3342
INFO 2026-02-13 08:55:39,756 log 1960 13076 "GET /admin/authentication/notificationsettings/ HTTP/1.1" 200 19440
INFO 2026-02-13 08:55:39,774 log 1960 13076 "GET /admin/jsi18n/ HTTP/1.1" 200 3342
INFO 2026-02-13 08:55:41,077 log 1960 13076 "GET /admin/authentication/profile/ HTTP/1.1" 200 19255
INFO 2026-02-13 08:55:41,098 log 1960 13076 "GET /admin/jsi18n/ HTTP/1.1" 200 3342
INFO 2026-02-13 08:55:54,516 log 1960 13076 "GET /admin/authentication/profile/fd0fe7a9-1ce9-468a-9c3d-bd82c6a6c047/change/ HTTP/1.1" 200 28824
INFO 2026-02-13 08:55:54,540 log 1960 13076 "GET /admin/jsi18n/ HTTP/1.1" 200 3342
INFO 2026-02-13 08:56:29,124 log 1960 11316 "GET /admin/authentication/customuser/ HTTP/1.1" 200 20504
INFO 2026-02-13 08:56:29,156 log 1960 11316 "GET /admin/jsi18n/ HTTP/1.1" 200 3342
INFO 2026-02-13 08:58:19,033 log 1960 13584 "OPTIONS /auth/register/ HTTP/1.1" 200 0
INFO 2026-02-13 08:58:19,875 views 1960 13584 User registered successfully: robinspt@email.com
INFO 2026-02-13 08:58:19,877 log 1960 13584 "POST /auth/register/ HTTP/1.1" 201 672
INFO 2026-02-13 08:58:19,883 log 1960 13584 "OPTIONS /auth/login/ HTTP/1.1" 200 0
INFO 2026-02-13 08:58:21,299 log 1960 13584 "POST /auth/login/ HTTP/1.1" 200 589
INFO 2026-02-13 08:58:30,693 log 1960 13584 "OPTIONS /auth/personal-details/ HTTP/1.1" 200 0
WARNING 2026-02-13 08:58:30,709 log 1960 13584 "GET /auth/personal-details/ HTTP/1.1" 404 60
WARNING 2026-02-13 08:58:30,727 log 1960 13584 "GET /auth/personal-details/ HTTP/1.1" 404 60
INFO 2026-02-13 08:58:31,364 log 1960 13584 "OPTIONS /goal/current-situation/ HTTP/1.1" 200 0
WARNING 2026-02-13 08:58:31,380 log 1960 13584 "GET /goal/current-situation/ HTTP/1.1" 404 45
WARNING 2026-02-13 08:58:31,393 log 1960 13584 "GET /goal/current-situation/ HTTP/1.1" 404 45
INFO 2026-02-13 08:58:36,663 log 1960 13584 "OPTIONS /auth/logout/ HTTP/1.1" 200 0
WARNING 2026-02-13 08:58:36,671 log 1960 13584 "POST /auth/logout/ HTTP/1.1" 403 105
INFO 2026-02-13 09:00:43,368 log 1960 13584 "POST /auth/login/ HTTP/1.1" 200 589
WARNING 2026-02-13 09:00:43,582 log 1960 13584 "GET /goal/current-situation/ HTTP/1.1" 404 45
WARNING 2026-02-13 09:00:43,592 log 1960 13584 "GET /goal/current-situation/ HTTP/1.1" 404 45
WARNING 2026-02-13 09:05:00,698 log 1960 12080 "POST /auth/login/ HTTP/1.1" 400 39
INFO 2026-02-13 09:05:28,292 views 1960 12080 User registered successfully: robinnayak@email.com
INFO 2026-02-13 09:05:28,296 log 1960 12080 "POST /auth/register/ HTTP/1.1" 201 676
INFO 2026-02-13 09:05:32,601 log 1960 12080 "POST /auth/login/ HTTP/1.1" 200 593
WARNING 2026-02-13 09:06:19,834 log 1960 12080 "POST /auth/logout/ HTTP/1.1" 403 105
INFO 2026-02-13 09:13:30,875 autoreload 34456 3960 Watching for file changes with StatReloader
INFO 2026-02-13 09:13:31,288 log 34456 6884 code 400, message Bad request version ('\\x18Jdx^\\x03\\x8e\\x99z\xd5\xda')
INFO 2026-02-13 09:13:31,288 log 34456 12836 code 400, message Bad request version ('\\x10\xde\\x90$z\xd6\xf1\\x14\xa8\xc9UG\\x9c\\x16@\xef\\x94t=P\xc3\\x9a\xa3\\x8f\xc6\xd6{\xe8\xd4\xf0\xe4\xaa\xde\\x9f_')
ERROR 2026-02-13 09:13:31,289 log 34456 12836 You're accessing the development server over HTTPS, but it only supports HTTP.
ERROR 2026-02-13 09:13:31,288 log 34456 6884 You're accessing the development server over HTTPS, but it only supports HTTP.
INFO 2026-02-13 09:13:31,538 log 34456 5316 code 400, message Bad request version ('0\\\\!\\x81~\xe6\xa4#\xd4\\x87\xfa\\x16)\xba\\x8c\xab_\xa6\\x04\xdb\\x18\\x87c\xcc')
ERROR 2026-02-13 09:13:31,539 log 34456 5316 You're accessing the development server over HTTPS, but it only supports HTTP.
INFO 2026-02-13 09:13:31,603 log 34456 3720 code 400, message Bad request version ('localhost\\x003\\x04\xef\\x04\xed**\\x00\\x01\\x00\\x11\xec\\x04\xc09\xdc)^\xf7i\xb1\xbb&q\\x90\\x11O\\x94P\xcc\\x9c\\x82l\\x863\\x04\\x87A\\x98\\x16}\\x95\xb9^\xcf\xcb\xb8\\x01a\\x01r\\x99K\\x9a\\x932\xa1\\x16rB\xcbS\xf1\xaa3d\\x01')
ERROR 2026-02-13 09:13:31,603 log 34456 3720 You're accessing the development server over HTTPS, but it only supports HTTP.
INFO 2026-02-13 09:13:31,603 log 34456 12672 code 400, message Bad request syntax ('\\x16\\x03\\x01\\x06\xb2\\x01\\x00\\x06\xae\\x03\\x03i\\x99\\x1a`x\xd2t\xe5>z\xcb0|')
ERROR 2026-02-13 09:13:31,604 log 34456 12672 You're accessing the development server over HTTPS, but it only supports HTTP.
INFO 2026-02-13 09:13:31,852 log 34456 9084 code 400, message Bad request version ('**\\x13\\x01\\x13\\x02\\x13\\x03\xc0+\xc0/\xc0,\xc00\xcc\xa9\xcc\xa8\xc0\\x13\xc0\\x14\\x00\\x9c\\x00\\x9d\\x00/\\x005\\x01\\x00\\x06E\\x8a\\x8a\\x00\\x00\\x00\\x1b\\x00\\x03\\x02\\x00\\x02\\x00\\x05\\x00\\x05\\x01\\x00\\x00\\x00\\x00\\x00#\\x00\\x00\\x00+\\x00\\x07\\x06\xca\xca\\x03\\x04\\x03\\x03\\x00')
ERROR 2026-02-13 09:13:31,853 log 34456 9084 You're accessing the development server over HTTPS, but it only supports HTTP.
INFO 2026-02-13 09:13:34,659 log 34456 27776 code 400, message Bad request version ("\xb4A\\x1aL\\x18S2\xb2\xa6'\xa4XF\xf9\xcc\xb1\\x16\xc9\xaa\xc9\xac=\xf2\xa1\xa5\\x95o\xa9")
ERROR 2026-02-13 09:13:34,660 log 34456 27776 You're accessing the development server over HTTPS, but it only supports HTTP.
INFO 2026-02-13 09:13:34,660 log 34456 14584 code 400, message Bad request version ('JJ\\x13\\x01\\x13\\x02\\x13\\x03\xc0+\xc0/\xc0,\xc00\xcc\xa9\xcc\xa8\xc0\\x13\xc0\\x14\\x00\\x9c\\x00\\x9d\\x00/\\x005\\x01\\x00\\x06\xa5\xda\xda\\x00\\x00\\x00\\x1b\\x00\\x03\\x02\\x00\\x02\\x00#\\x00\\x00\\x003\\x04\xef\\x04\xedjj\\x00\\x01\\x00\\x11\xec\\x04\xc0\\x8c\xd8\xac\xaf"i\xfd')
ERROR 2026-02-13 09:13:34,660 log 34456 14584 You're accessing the development server over HTTPS, but it only supports HTTP.
INFO 2026-02-13 09:13:34,925 log 34456 15392 code 400, message Bad request version ('\\x00\\x02\\x01\\x00\\x003\\x04\xef\\x04\xed')
ERROR 2026-02-13 09:13:34,925 log 34456 15392 You're accessing the development server over HTTPS, but it only supports HTTP.
INFO 2026-02-13 09:13:34,972 log 34456 1516 code 400, message Bad request version ('\\x9e\\x02\\x00K!\xf0')
ERROR 2026-02-13 09:13:34,972 log 34456 1516 You're accessing the development server over HTTPS, but it only supports HTTP.
INFO 2026-02-13 09:13:34,973 log 34456 33668 code 400, message Bad request version ('o\xc7\xe6W(8\xc9\xb5u.\xa5bI\xa3S\xec\xc5`\\x89\xe4\\x08\xe8\xf6\xe5\\x8fncs9\\x9a+\xc6\xea\xc0U\\x1a\xb9;\\x15\xcc\\x03B\xbca')
ERROR 2026-02-13 09:13:34,973 log 34456 33668 You're accessing the development server over HTTPS, but it only supports HTTP.
INFO 2026-02-13 09:13:35,236 log 34456 9504 code 400, message Bad request version ('\\x00\\x12\\x00\\x10\\x04\\x03\\x08\\x04\\x04\\x01\\x05\\x03\\x08\\x05\\x05\\x01\\x08\\x06\\x06\\x01\\x00')
ERROR 2026-02-13 09:13:35,236 log 34456 9504 You're accessing the development server over HTTPS, but it only supports HTTP.
INFO 2026-02-13 09:14:23,965 autoreload 7940 29868 Watching for file changes with StatReloader
INFO 2026-02-13 09:14:39,203 log 7940 10108 code 400, message Bad request version ('~u`\\x8a\\x17<\\x9f\\x8a\xb4\xcaG\\x14\xcbD%\xd4WN\xe5Q\xcai\\x1b')
INFO 2026-02-13 09:14:39,203 log 7940 38852 code 400, message Bad request version ('\xdep')
ERROR 2026-02-13 09:14:39,203 log 7940 10108 You're accessing the development server over HTTPS, but it only supports HTTP.
ERROR 2026-02-13 09:14:39,203 log 7940 38852 You're accessing the development server over HTTPS, but it only supports HTTP.
INFO 2026-02-13 09:14:39,467 log 7940 23852 code 400, message Bad request version ('\\x00\\x02\\x01\\x00\\x00\\x17\\x00\\x00\\x00')
ERROR 2026-02-13 09:14:39,467 log 7940 23852 You're accessing the development server over HTTPS, but it only supports HTTP.
INFO 2026-02-13 09:14:39,514 log 7940 16768 code 400, message Bad request version ('\\x89\xdf')
INFO 2026-02-13 09:14:39,514 log 7940 31428 code 400, message Bad request version ('\xb5\xca\xa9\xb6\xc2\\x92pz\\x18\xe6x\xbe\xa4#\\x95\xc6\xaa\\x7f\xd1\xbe8\xf4\\x08q\xc6\\x9cV\xbb\xcf\\x9e\xc7\xb3\xbf\xf8\\x829')
ERROR 2026-02-13 09:14:39,515 log 7940 16768 You're accessing the development server over HTTPS, but it only supports HTTP.
ERROR 2026-02-13 09:14:39,515 log 7940 31428 You're accessing the development server over HTTPS, but it only supports HTTP.
INFO 2026-02-13 09:14:39,777 log 7940 8548 code 400, message Bad request version ('\\x97\\x18O')
ERROR 2026-02-13 09:14:39,777 log 7940 8548 You're accessing the development server over HTTPS, but it only supports HTTP.
INFO 2026-02-13 09:14:44,212 log 7940 9448 code 400, message Bad request version ('\\x02h2\\x08http/1.1\\x00-\\x00\\x02\\x01\\x01\\x00#\\x00\\x00\\x00')
ERROR 2026-02-13 09:14:44,213 log 7940 9448 You're accessing the development server over HTTPS, but it only supports HTTP.
INFO 2026-02-13 09:14:44,214 log 7940 22544 code 400, message Bad request version ('\\x00\\x12\\x00\\x10\\x04\\x03\\x08\\x04\\x04\\x01\\x05\\x03\\x08\\x05\\x05\\x01\\x08\\x06\\x06\\x01D\xcd\\x00\\x05\\x00\\x03\\x02h2\\x00+\\x00\\x07\\x06\xfa\xfa\\x03\\x04\\x03\\x03\\x00\\x05\\x00\\x05\\x01\\x00\\x00\\x00\\x00\\x00-\\x00\\x02\\x01\\x01\\x00')
ERROR 2026-02-13 09:14:44,214 log 7940 22544 You're accessing the development server over HTTPS, but it only supports HTTP.
INFO 2026-02-13 09:14:44,478 log 7940 7748 code 400, message Bad request version ('\\x81\xa2s2/h\\x05\xb6\xdcI\\x18\\x06')
ERROR 2026-02-13 09:14:44,479 log 7940 7748 You're accessing the development server over HTTPS, but it only supports HTTP.
INFO 2026-02-13 09:14:44,525 log 7940 35752 code 400, message Bad request version ('\\x00\\x02\\x01\\x00\\x00\\x1b\\x00\\x03\\x02\\x00\\x02\\x00\\x12\\x00\\x00\\x00')
INFO 2026-02-13 09:14:44,525 log 7940 12232 code 400, message Bad request version ("\xe3\xc9\xa3\xd2\xe8Z[#\\x92c\\x15\\x01\xb2\xa7\\x05\\x0es\xaaT\xd7.N\\x13\\x11$\xb6w'{Z\\x91\xdb")
ERROR 2026-02-13 09:14:44,526 log 7940 35752 You're accessing the development server over HTTPS, but it only supports HTTP.
ERROR 2026-02-13 09:14:44,526 log 7940 12232 You're accessing the development server over HTTPS, but it only supports HTTP.
INFO 2026-02-13 09:14:44,789 log 7940 15940 code 400, message Bad request version ('localhost\\x003\\x04\xef\\x04\xed::\\x00\\x01\\x00\\x11\xec\\x04\xc0v')
ERROR 2026-02-13 09:14:44,790 log 7940 15940 You're accessing the development server over HTTPS, but it only supports HTTP.
WARNING 2026-02-13 09:17:34,169 log 7940 17368 "GET /auth/personal-details/ HTTP/1.1" 404 60
WARNING 2026-02-13 09:17:34,175 log 7940 17368 "GET /auth/personal-details/ HTTP/1.1" 404 60
WARNING 2026-02-13 09:17:34,668 log 7940 17368 "GET /goal/current-situation/ HTTP/1.1" 404 45
WARNING 2026-02-13 09:17:34,688 log 7940 17368 "GET /goal/current-situation/ HTTP/1.1" 404 45
INFO 2026-02-13 09:17:36,765 log 7940 30924 "GET / HTTP/1.1" 200 6028
INFO 2026-02-13 09:17:41,210 log 7940 17072 "GET /admin/ HTTP/1.1" 200 21156
INFO 2026-02-13 09:18:56,979 autoreload 7940 29868 D:\Earnings methods\delvery ready projects\roadmap-smart-planner1\roadmap-smart-planner-backend\roadmap\roadmap\settings.py changed, reloading.
